Archive member included to satisfy reference by file (symbol)

/usr/local/lpcxpresso_8.2.2_650/lpcxpresso/tools/bin/../lib/gcc/arm-none-eabi/5.4.1/../../../../arm-none-eabi/lib/armv7-m/libcr_c.a(memcpy.o)
                              ./Proyecto/src/display.o (memcpy)
/usr/local/lpcxpresso_8.2.2_650/lpcxpresso/tools/bin/../lib/gcc/arm-none-eabi/5.4.1/../../../../arm-none-eabi/lib/armv7-m/libcr_c.a(memset.o)
                              ./Proyecto/freertos/src/tasks.o (memset)
/usr/local/lpcxpresso_8.2.2_650/lpcxpresso/tools/bin/../lib/gcc/arm-none-eabi/5.4.1/../../../../arm-none-eabi/lib/armv7-m/libcr_c.a(__weak__main.o)
                              ./Proyecto/src/cr_startup_lpc175x_6x.o (__main)
/usr/local/lpcxpresso_8.2.2_650/lpcxpresso/tools/bin/../lib/gcc/arm-none-eabi/5.4.1/../../../../arm-none-eabi/lib/armv7-m/libcr_c.a(alloc.o)
                              ./Proyecto/freertos/src/heap_3.o (malloc)
/usr/local/lpcxpresso_8.2.2_650/lpcxpresso/tools/bin/../lib/gcc/arm-none-eabi/5.4.1/../../../../arm-none-eabi/lib/armv7-m/libcr_c.a(fpprintf.o)
                              ./Proyecto/freertos/src/FreeRTOSCommonHooks.o (printf)
/usr/local/lpcxpresso_8.2.2_650/lpcxpresso/tools/bin/../lib/gcc/arm-none-eabi/5.4.1/../../../../arm-none-eabi/lib/armv7-m/libcr_c.a(itoa.o)
                              ./Proyecto/src/display.o (itoa)
/usr/local/lpcxpresso_8.2.2_650/lpcxpresso/tools/bin/../lib/gcc/arm-none-eabi/5.4.1/../../../../arm-none-eabi/lib/armv7-m/libcr_c.a(printf.o)
                              /usr/local/lpcxpresso_8.2.2_650/lpcxpresso/tools/bin/../lib/gcc/arm-none-eabi/5.4.1/../../../../arm-none-eabi/lib/armv7-m/libcr_c.a(fpprintf.o) (__vfprintf)
/usr/local/lpcxpresso_8.2.2_650/lpcxpresso/tools/bin/../lib/gcc/arm-none-eabi/5.4.1/../../../../arm-none-eabi/lib/armv7-m/libcr_c.a(stdio.o)
                              /usr/local/lpcxpresso_8.2.2_650/lpcxpresso/tools/bin/../lib/gcc/arm-none-eabi/5.4.1/../../../../arm-none-eabi/lib/armv7-m/libcr_c.a(fpprintf.o) (__Ciob)
/usr/local/lpcxpresso_8.2.2_650/lpcxpresso/tools/bin/../lib/gcc/arm-none-eabi/5.4.1/../../../../arm-none-eabi/lib/armv7-m/libcr_c.a(strcat.o)
                              ./Proyecto/src/display.o (strcat)
/usr/local/lpcxpresso_8.2.2_650/lpcxpresso/tools/bin/../lib/gcc/arm-none-eabi/5.4.1/../../../../arm-none-eabi/lib/armv7-m/libcr_c.a(strlen.o)
                              /usr/local/lpcxpresso_8.2.2_650/lpcxpresso/tools/bin/../lib/gcc/arm-none-eabi/5.4.1/../../../../arm-none-eabi/lib/armv7-m/libcr_c.a(printf.o) (strlen)
/usr/local/lpcxpresso_8.2.2_650/lpcxpresso/tools/bin/../lib/gcc/arm-none-eabi/5.4.1/../../../../arm-none-eabi/lib/armv7-m/libcr_c.a(__fillbuf.o)
                              /usr/local/lpcxpresso_8.2.2_650/lpcxpresso/tools/bin/../lib/gcc/arm-none-eabi/5.4.1/../../../../arm-none-eabi/lib/armv7-m/libcr_c.a(stdio.o) (__filbuf)
/usr/local/lpcxpresso_8.2.2_650/lpcxpresso/tools/bin/../lib/gcc/arm-none-eabi/5.4.1/../../../../arm-none-eabi/lib/armv7-m/libcr_c.a(__init_alloc.o)
                              /usr/local/lpcxpresso_8.2.2_650/lpcxpresso/tools/bin/../lib/gcc/arm-none-eabi/5.4.1/../../../../arm-none-eabi/lib/armv7-m/libcr_c.a(alloc.o) (__heaps)
/usr/local/lpcxpresso_8.2.2_650/lpcxpresso/tools/bin/../lib/gcc/arm-none-eabi/5.4.1/../../../../arm-none-eabi/lib/armv7-m/libcr_c.a(_cr_sbrk.o)
                              /usr/local/lpcxpresso_8.2.2_650/lpcxpresso/tools/bin/../lib/gcc/arm-none-eabi/5.4.1/../../../../arm-none-eabi/lib/armv7-m/libcr_c.a(alloc.o) (_sbrk)
/usr/local/lpcxpresso_8.2.2_650/lpcxpresso/tools/bin/../lib/gcc/arm-none-eabi/5.4.1/../../../../arm-none-eabi/lib/armv7-m/libcr_c.a(_deferredlazyseek.o)
                              /usr/local/lpcxpresso_8.2.2_650/lpcxpresso/tools/bin/../lib/gcc/arm-none-eabi/5.4.1/../../../../arm-none-eabi/lib/armv7-m/libcr_c.a(__fillbuf.o) (_deferredlazyseek)
/usr/local/lpcxpresso_8.2.2_650/lpcxpresso/tools/bin/../lib/gcc/arm-none-eabi/5.4.1/../../../../arm-none-eabi/lib/armv7-m/libcr_c.a(_fflush.o)
                              /usr/local/lpcxpresso_8.2.2_650/lpcxpresso/tools/bin/../lib/gcc/arm-none-eabi/5.4.1/../../../../arm-none-eabi/lib/armv7-m/libcr_c.a(__fillbuf.o) (_fflush)
/usr/local/lpcxpresso_8.2.2_650/lpcxpresso/tools/bin/../lib/gcc/arm-none-eabi/5.4.1/../../../../arm-none-eabi/lib/armv7-m/libcr_c.a(_frexpl.o)
                              /usr/local/lpcxpresso_8.2.2_650/lpcxpresso/tools/bin/../lib/gcc/arm-none-eabi/5.4.1/../../../../arm-none-eabi/lib/armv7-m/libcr_c.a(fpprintf.o) (_frexpl)
/usr/local/lpcxpresso_8.2.2_650/lpcxpresso/tools/bin/../lib/gcc/arm-none-eabi/5.4.1/../../../../arm-none-eabi/lib/armv7-m/libcr_c.a(_ldexpl.o)
                              /usr/local/lpcxpresso_8.2.2_650/lpcxpresso/tools/bin/../lib/gcc/arm-none-eabi/5.4.1/../../../../arm-none-eabi/lib/armv7-m/libcr_c.a(fpprintf.o) (_ldexpl)
/usr/local/lpcxpresso_8.2.2_650/lpcxpresso/tools/bin/../lib/gcc/arm-none-eabi/5.4.1/../../../../arm-none-eabi/lib/armv7-m/libcr_c.a(_writebuf.o)
[...]
Memory Configuration

Name             Origin             Length             Attributes
MFlash512        0x00000000         0x00080000         xr
RamLoc32         0x10000000         0x00008000         xrw
RamAHB32         0x2007c000         0x00008000         xrw
*default*        0x00000000         0xffffffff

Linker script and memory map

LOAD ./Proyecto/src/GPIO.o
LOAD ./Proyecto/src/Proyecto.o
LOAD ./Proyecto/src/cr_startup_lpc175x_6x.o
LOAD ./Proyecto/src/crp.o
LOAD ./Proyecto/src/display.o
LOAD ./Proyecto/src/funciones.o
LOAD ./Proyecto/src/motor.o
LOAD ./Proyecto/src/sensor_color.o
LOAD ./Proyecto/lpc_chip_175x_6x/src/adc_17xx_40xx.o
LOAD ./Proyecto/lpc_chip_175x_6x/src/can_17xx_40xx.o
LOAD ./Proyecto/lpc_chip_175x_6x/src/chip_17xx_40xx.o
LOAD ./Proyecto/lpc_chip_175x_6x/src/clock_17xx_40xx.o
LOAD ./Proyecto/lpc_chip_175x_6x/src/cmp_17xx_40xx.o
LOAD ./Proyecto/lpc_chip_175x_6x/src/crc_17xx_40xx.o
LOAD ./Proyecto/lpc_chip_175x_6x/src/dac_17xx_40xx.o
LOAD ./Proyecto/lpc_chip_175x_6x/src/eeprom_17xx_40xx.o
LOAD ./Proyecto/lpc_chip_175x_6x/src/emc_17xx_40xx.o
LOAD ./Proyecto/lpc_chip_175x_6x/src/enet_17xx_40xx.o
LOAD ./Proyecto/lpc_chip_175x_6x/src/gpdma_17xx_40xx.o
LOAD ./Proyecto/lpc_chip_175x_6x/src/gpio_17xx_40xx.o
LOAD ./Proyecto/lpc_chip_175x_6x/src/gpioint_17xx_40xx.o
LOAD ./Proyecto/lpc_chip_175x_6x/src/i2c_17xx_40xx.o
LOAD ./Proyecto/lpc_chip_175x_6x/src/i2s_17xx_40xx.o
LOAD ./Proyecto/lpc_chip_175x_6x/src/iap.o
LOAD ./Proyecto/lpc_chip_175x_6x/src/iocon_17xx_40xx.o
LOAD ./Proyecto/lpc_chip_175x_6x/src/lcd_17xx_40xx.o
LOAD ./Proyecto/lpc_chip_175x_6x/src/pmu_17xx_40xx.o
LOAD ./Proyecto/lpc_chip_175x_6x/src/ring_buffer.o
LOAD ./Proyecto/lpc_chip_175x_6x/src/ritimer_17xx_40xx.o
LOAD ./Proyecto/lpc_chip_175x_6x/src/rtc_17xx_40xx.o
LOAD ./Proyecto/lpc_chip_175x_6x/src/sdc_17xx_40xx.o
LOAD ./Proyecto/lpc_chip_175x_6x/src/sdmmc_17xx_40xx.o
LOAD ./Proyecto/lpc_chip_175x_6x/src/spi_17xx_40xx.o
LOAD ./Proyecto/lpc_chip_175x_6x/src/ssp_17xx_40xx.o
LOAD ./Proyecto/lpc_chip_175x_6x/src/stopwatch_17xx_40xx.o
LOAD ./Proyecto/lpc_chip_175x_6x/src/sysctl_17xx_40xx.o
LOAD ./Proyecto/lpc_chip_175x_6x/src/sysinit_17xx_40xx.o
LOAD ./Proyecto/lpc_chip_175x_6x/src/timer_17xx_40xx.o
LOAD ./Proyecto/lpc_chip_175x_6x/src/uart_17xx_40xx.o
LOAD ./Proyecto/lpc_chip_175x_6x/src/wwdt_17xx_40xx.o
LOAD ./Proyecto/lpc_board_nxp_lpcxpresso_1769/src/board.o
LOAD ./Proyecto/lpc_board_nxp_lpcxpresso_1769/src/board_sysinit.o
LOAD ./Proyecto/lpc_board_nxp_lpcxpresso_1769/src/lpc_phy_smsc87x0.o
LOAD ./Proyecto/freertos/src/FreeRTOSCommonHooks.o
LOAD ./Proyecto/freertos/src/heap_3.o
LOAD ./Proyecto/freertos/src/list.o
LOAD ./Proyecto/freertos/src/port.o
LOAD ./Proyecto/freertos/src/queue.o
LOAD ./Proyecto/freertos/src/tasks.o
START GROUP
LOAD /usr/local/lpcxpresso_8.2.2_650/lpcxpresso/tools/bin/../lib/gcc/arm-none-eabi/5.4.1/../../../../arm-none-eabi/lib/armv7-m/libcr_c.a
LOAD /usr/local/lpcxpresso_8.2.2_650/lpcxpresso/tools/bin/../lib/gcc/arm-none-eabi/5.4.1/armv7-m/libcr_eabihelpers.a
END GROUP
                0x00000000                __base_MFlash512 = 0x0
                0x00000000                __base_Flash = 0x0
                0x00080000                __top_MFlash512 = 0x80000
                0x00080000                __top_Flash = 0x80000
                0x10000000                __base_RamLoc32 = 0x10000000
                0x10000000                __base_RAM = 0x10000000
                0x10008000                __top_RamLoc32 = 0x10008000
                0x10008000                __top_RAM = 0x10008000
                0x2007c000                __base_RamAHB32 = 0x2007c000
                0x2007c000                __base_RAM2 = 0x2007c000
                0x20084000                __top_RamAHB32 = 0x20084000
                0x20084000                __top_RAM2 = 0x20084000

.text           0x00000000     0x36a0
 FILL mask 0xff
                0x00000000                __vectors_start__ = ABSOLUTE (.)
 *(.isr_vector)
 .isr_vector    0x00000000       0xcc ./Proyecto/src/cr_startup_lpc175x_6x.o
                0x00000000                g_pfnVectors
                0x000000cc                . = ALIGN (0x4)
                0x000000cc                __section_table_start = .
                0x000000cc                __data_section_table = .
                0x000000cc        0x4 LONG 0x36a0 LOADADDR (.data)
                0x000000d0        0x4 LONG 0x10000000 ADDR (.data)
                0x000000d4        0x4 LONG 0x10 SIZEOF (.data)
                0x000000d8        0x4 LONG 0x36a0 LOADADDR (.data_RAM2)
                0x000000dc        0x4 LONG 0x2007c000 ADDR (.data_RAM2)
                0x000000e0        0x4 LONG 0x0 SIZEOF (.data_RAM2)
                0x000000e4                __data_section_table_end = .
                0x000000e4                __bss_section_table = .
                0x000000e4        0x4 LONG 0x10000010 ADDR (.bss)
                0x000000e8        0x4 LONG 0x1a8 SIZEOF (.bss)
                0x000000ec        0x4 LONG 0x2007c000 ADDR (.bss_RAM2)
                0x000000f0        0x4 LONG 0x0 SIZEOF (.bss_RAM2)
                0x000000f4                __bss_section_table_end = .
                0x000000f4                __section_table_end = .
 *(.after_vectors*)
 .after_vectors
                0x000000f4      0x140 ./Proyecto/src/cr_startup_lpc175x_6x.o
                0x000000f4                data_init
                0x00000138                bss_init
                0x00000170                ResetISR
                0x000001e4                NMI_Handler
                0x000001ec                HardFault_Handler
                0x000001f4                MemManage_Handler
                0x000001fc                BusFault_Handler
                0x00000204                UsageFault_Handler
                0x00000214                DebugMon_Handler
                0x0000022c                TIMER2_IRQHandler
                0x0000022c                RIT_IRQHandler
                0x0000022c                I2C0_IRQHandler
                0x0000022c                USBActivity_IRQHandler
                0x0000022c                PWM1_IRQHandler
                0x0000022c                I2C1_IRQHandler
                0x0000022c                UART1_IRQHandler
                0x0000022c                CANActivity_IRQHandler
                0x0000022c                TIMER3_IRQHandler
                0x0000022c                UART0_IRQHandler
                0x0000022c                IntDefaultHandler
                0x0000022c                PLL0_IRQHandler
                0x0000022c                CAN_IRQHandler
                0x0000022c                PLL1_IRQHandler
                0x0000022c                SSP0_IRQHandler
                0x0000022c                I2S_IRQHandler
                0x0000022c                I2C2_IRQHandler
                0x0000022c                RTC_IRQHandler
                0x0000022c                TIMER0_IRQHandler
                0x0000022c                SPI_IRQHandler
                0x0000022c                TIMER1_IRQHandler
                0x0000022c                UART2_IRQHandler
                0x0000022c                ADC_IRQHandler
                0x0000022c                SSP1_IRQHandler
                0x0000022c                USB_IRQHandler
                0x0000022c                BOD_IRQHandler
                0x0000022c                WDT_IRQHandler
                0x0000022c                QEI_IRQHandler
                0x0000022c                EINT0_IRQHandler
                0x0000022c                DMA_IRQHandler
                0x0000022c                UART3_IRQHandler
                0x0000022c                MCPWM_IRQHandler
                0x0000022c                ENET_IRQHandler
                0x000002fc                . = 0x2fc
 *fill*         0x00000234       0xc8 ff
                0x000002fc                PROVIDE (__CRP_WORD_START__, .)
 *(.crp)
 .crp           0x000002fc        0x4 ./Proyecto/src/crp.o
                0x000002fc                CRP_WORD
                0x00000300                PROVIDE (__CRP_WORD_END__, .)
                0x00000001                ASSERT (! ((__CRP_WORD_START__ == __CRP_WORD_END__)), Linker CRP Enabled, but no CRP_WORD provided within application)
 *(.text*)
 .text.Chip_GPIO_SetPinState
                0x00000300       0x68 ./Proyecto/src/GPIO.o
 .text.Chip_GPIO_WritePortBit
                0x00000368       0x2c ./Proyecto/src/GPIO.o
 .text.Chip_GPIO_SetPinDIROutput
                0x00000394       0x38 ./Proyecto/src/GPIO.o
 .text.Chip_GPIO_SetPinDIRInput
                0x000003cc       0x3c ./Proyecto/src/GPIO.o
 .text.Chip_GPIO_SetPinDIR
                0x00000408       0x44 ./Proyecto/src/GPIO.o
 .text.SetPINSEL
                0x0000044c       0x88 ./Proyecto/src/GPIO.o
                0x0000044c                SetPINSEL
 .text.SetPINMODE
                0x000004d4       0x7c ./Proyecto/src/GPIO.o
                0x000004d4                SetPINMODE
 .text.SetDIR   0x00000550       0x34 ./Proyecto/src/GPIO.o
                0x00000550                SetDIR
 .text.SetPIN   0x00000584       0x34 ./Proyecto/src/GPIO.o
                0x00000584                SetPIN
 .text.initHardware
                0x000005b8       0x2c ./Proyecto/src/Proyecto.o
                0x000005b8                initHardware
 .text.InicializarContador
                0x000005e4       0x60 ./Proyecto/src/Proyecto.o
                0x000005e4                InicializarContador
 .text.ResetearContador
                0x00000644       0x1c ./Proyecto/src/Proyecto.o
                0x00000644                ResetearContador
 .text.LeerContador
                0x00000660       0x14 ./Proyecto/src/Proyecto.o
                0x00000660                LeerContador
 .text.Tarea_Ppal
                0x00000674      0x228 ./Proyecto/src/Proyecto.o
 .text.Inicializacion
                0x0000089c       0x30 ./Proyecto/src/Proyecto.o
 .text.Motor1   0x000008cc       0x3c ./Proyecto/src/Proyecto.o
 .text.Motor1_STOP
                0x00000908       0x40 ./Proyecto/src/Proyecto.o
 .text.Motor2   0x00000948       0x58 ./Proyecto/src/Proyecto.o
 .text.Alarma   0x000009a0       0x28 ./Proyecto/src/Proyecto.o
 .text.Sensor_Color
                0x000009c8      0x1c8 ./Proyecto/src/Proyecto.o
                0x000009c8                Sensor_Color
 .text.SD       0x00000b90       0x44 ./Proyecto/src/Proyecto.o
                0x00000b90                SD
 .text.main     0x00000bd4      0x42c ./Proyecto/src/Proyecto.o
                0x00000bd4                main
 .text.EINT3_IRQHandler
                0x00001000       0x44 ./Proyecto/src/Proyecto.o
                0x00001000                EINT3_IRQHandler
 .text.EINT2_IRQHandler
                0x00001044       0x44 ./Proyecto/src/Proyecto.o
                0x00001044                EINT2_IRQHandler
 .text.EINT1_IRQHandler
                0x00001088       0x48 ./Proyecto/src/Proyecto.o
                0x00001088                EINT1_IRQHandler
 .text.tomar_semaforos
                0x000010d0       0xe0 ./Proyecto/src/Proyecto.o
                0x000010d0                tomar_semaforos
 .text.refrescarDisplay
                0x000011b0      0x2b4 ./Proyecto/src/display.o
                0x000011b0                refrescarDisplay
 .text.initDisplay
                0x00001464      0x2f8 ./Proyecto/src/display.o
                0x00001464                initDisplay
 .text.EnaDelay
                0x0000175c       0x4c ./Proyecto/src/display.o
                0x0000175c                EnaDelay
 .text.Send     0x000017a8       0xf8 ./Proyecto/src/display.o
                0x000017a8                Send
 .text.pararM1  0x000018a0        0xc ./Proyecto/src/funciones.o
                0x000018a0                pararM1
 .text.moverM2  0x000018ac       0x14 ./Proyecto/src/funciones.o
                0x000018ac                moverM2
 .text.pararM2  0x000018c0        0xc ./Proyecto/src/funciones.o
                0x000018c0                pararM2
 .text.posicionarM2
                0x000018cc       0x38 ./Proyecto/src/funciones.o
                0x000018cc                posicionarM2
 .text.activar_Alarma
                0x00001904       0x14 ./Proyecto/src/funciones.o
                0x00001904                activar_Alarma
 .text.moverM1_360
                0x00001918        0xc ./Proyecto/src/funciones.o
                0x00001918                moverM1_360
 .text.escribirSD
                0x00001924       0x14 ./Proyecto/src/funciones.o
                0x00001924                escribirSD
 .text.Habilitar_Interrupcion
                0x00001938       0xbc ./Proyecto/src/funciones.o
                0x00001938                Habilitar_Interrupcion
 .text.Deshabilitar_Interrupcion
                0x000019f4       0x94 ./Proyecto/src/funciones.o
                0x000019f4                Deshabilitar_Interrupcion
 .text.Chip_GPIO_SetPinState
                0x00001a88       0x68 ./Proyecto/src/sensor_color.o
 .text.Chip_GPIO_SetPinDIROutput
                0x00001af0       0x38 ./Proyecto/src/sensor_color.o
 .text.Chip_GPIO_SetPinDIRInput
                0x00001b28       0x3c ./Proyecto/src/sensor_color.o
 .text.init_color_sensor
                0x00001b64       0x58 ./Proyecto/src/sensor_color.o
                0x00001b64                init_color_sensor
 .text.disable_sensor
                0x00001bbc       0x24 ./Proyecto/src/sensor_color.o
                0x00001bbc                disable_sensor
 .text.activa_sensor
                0x00001be0       0x24 ./Proyecto/src/sensor_color.o
                0x00001be0                activa_sensor
 .text.sensa_rojo
                0x00001c04       0x30 ./Proyecto/src/sensor_color.o
                0x00001c04                sensa_rojo
 .text.sensa_verde
                0x00001c34       0x30 ./Proyecto/src/sensor_color.o
                0x00001c34                sensa_verde
 .text.sensa_azul
                0x00001c64       0x30 ./Proyecto/src/sensor_color.o
                0x00001c64                sensa_azul
 .text.lee_sensor
                0x00001c94       0x18 ./Proyecto/src/sensor_color.o
                0x00001c94                lee_sensor
 .text.SystemCoreClockUpdate
                0x00001cac       0x18 ./Proyecto/lpc_chip_175x_6x/src/chip_17xx_40xx.o
                0x00001cac                SystemCoreClockUpdate
 .text.Chip_Clock_IsMainPLLEnabled
                0x00001cc4       0x24 ./Proyecto/lpc_chip_175x_6x/src/clock_17xx_40xx.o
 .text.Chip_Clock_IsMainPLLConnected
                0x00001ce8       0x24 ./Proyecto/lpc_chip_175x_6x/src/clock_17xx_40xx.o
 .text.Chip_Clock_GetMainPLLSource
                0x00001d0c       0x20 ./Proyecto/lpc_chip_175x_6x/src/clock_17xx_40xx.o
 .text.Chip_Clock_GetMainOscRate
                0x00001d2c       0x14 ./Proyecto/lpc_chip_175x_6x/src/clock_17xx_40xx.o
 .text.Chip_Clock_GetIntOscRate
                0x00001d40       0x14 ./Proyecto/lpc_chip_175x_6x/src/clock_17xx_40xx.o
 .text.Chip_Clock_GetRTCOscRate
                0x00001d54       0x14 ./Proyecto/lpc_chip_175x_6x/src/clock_17xx_40xx.o
 .text.Chip_Clock_GetMainPLLInClockRate
                0x00001d68       0x10 ./Proyecto/lpc_chip_175x_6x/src/clock_17xx_40xx.o
 .text.Chip_Clock_GetCPUClockSource
                0x00001d78       0x24 ./Proyecto/lpc_chip_175x_6x/src/clock_17xx_40xx.o
                0x00001d78                Chip_Clock_GetCPUClockSource
 .text.Chip_Clock_GetCPUClockDiv
                0x00001d9c       0x1c ./Proyecto/lpc_chip_175x_6x/src/clock_17xx_40xx.o
                0x00001d9c                Chip_Clock_GetCPUClockDiv
 .text.Chip_Clock_GetSYSCLKRate
                0x00001db8       0x34 ./Proyecto/lpc_chip_175x_6x/src/clock_17xx_40xx.o
                0x00001db8                Chip_Clock_GetSYSCLKRate
 .text.Chip_Clock_GetMainPLLOutClockRate
                0x00001dec       0x54 ./Proyecto/lpc_chip_175x_6x/src/clock_17xx_40xx.o
                0x00001dec                Chip_Clock_GetMainPLLOutClockRate
 .text.Chip_Clock_GetMainClockRate
                0x00001e40       0x28 ./Proyecto/lpc_chip_175x_6x/src/clock_17xx_40xx.o
                0x00001e40                Chip_Clock_GetMainClockRate
 .text.Chip_Clock_GetSystemClockRate
                0x00001e68       0x18 ./Proyecto/lpc_chip_175x_6x/src/clock_17xx_40xx.o
                0x00001e68                Chip_Clock_GetSystemClockRate
 .text.vApplicationIdleHook
                0x00001e80       0x10 ./Proyecto/freertos/src/FreeRTOSCommonHooks.o
                0x00001e80                vApplicationIdleHook
 .text.vApplicationTickHook
                0x00001e90        0xc ./Proyecto/freertos/src/FreeRTOSCommonHooks.o
                0x00001e90                vApplicationTickHook
 .text.pvPortMalloc
                0x00001e9c       0x24 ./Proyecto/freertos/src/heap_3.o
                0x00001e9c                pvPortMalloc
 .text.vPortFree
                0x00001ec0       0x24 ./Proyecto/freertos/src/heap_3.o
                0x00001ec0                vPortFree
 .text.vListInitialise
                0x00001ee4       0x40 ./Proyecto/freertos/src/list.o
                0x00001ee4                vListInitialise
 .text.vListInitialiseItem
                0x00001f24       0x18 ./Proyecto/freertos/src/list.o
                0x00001f24                vListInitialiseItem
 .text.vListInsertEnd
                0x00001f3c       0x48 ./Proyecto/freertos/src/list.o
                0x00001f3c                vListInsertEnd
 .text.vListInsert
                0x00001f84       0x70 ./Proyecto/freertos/src/list.o
                0x00001f84                vListInsert
 .text.uxListRemove
                0x00001ff4       0x54 ./Proyecto/freertos/src/list.o
                0x00001ff4                uxListRemove
 .text.pxPortInitialiseStack
                0x00002048       0x54 ./Proyecto/freertos/src/port.o
                0x00002048                pxPortInitialiseStack
 .text.prvTaskExitError
                0x0000209c        0xc ./Proyecto/freertos/src/port.o
 .text.SVC_Handler
                0x000020a8       0x24 ./Proyecto/freertos/src/port.o
                0x000020a8                SVC_Handler
 .text.prvPortStartFirstTask
                0x000020cc       0x18 ./Proyecto/freertos/src/port.o
 .text.xPortStartScheduler
                0x000020e4       0x38 ./Proyecto/freertos/src/port.o
                0x000020e4                xPortStartScheduler
 .text.vPortYield
                0x0000211c       0x20 ./Proyecto/freertos/src/port.o
                0x0000211c                vPortYield
 .text.vPortEnterCritical
                0x0000213c       0x24 ./Proyecto/freertos/src/port.o
                0x0000213c                vPortEnterCritical
 .text.vPortExitCritical
                0x00002160       0x24 ./Proyecto/freertos/src/port.o
                0x00002160                vPortExitCritical
 .text.ulPortSetInterruptMask
                0x00002184       0x14 ./Proyecto/freertos/src/port.o
                0x00002184                ulPortSetInterruptMask
 .text.vPortClearInterruptMask
                0x00002198        0x8 ./Proyecto/freertos/src/port.o
                0x00002198                vPortClearInterruptMask
 .text.PendSV_Handler
                0x000021a0       0x40 ./Proyecto/freertos/src/port.o
                0x000021a0                PendSV_Handler
 .text.SysTick_Handler
                0x000021e0       0x28 ./Proyecto/freertos/src/port.o
                0x000021e0                SysTick_Handler
 .text.vPortSetupTimerInterrupt
                0x00002208       0x34 ./Proyecto/freertos/src/port.o
                0x00002208                vPortSetupTimerInterrupt
 .text.xQueueGenericReset
                0x0000223c       0xa4 ./Proyecto/freertos/src/queue.o
                0x0000223c                xQueueGenericReset
 .text.xQueueGenericCreate
                0x000022e0       0x78 ./Proyecto/freertos/src/queue.o
                0x000022e0                xQueueGenericCreate
 .text.xQueueGenericSend
                0x00002358      0x110 ./Proyecto/freertos/src/queue.o
                0x00002358                xQueueGenericSend
 .text.xQueueGenericSendFromISR
                0x00002468       0x88 ./Proyecto/freertos/src/queue.o
                0x00002468                xQueueGenericSendFromISR
 .text.xQueueGenericReceive
                0x000024f0      0x16c ./Proyecto/freertos/src/queue.o
                0x000024f0                xQueueGenericReceive
 .text.prvCopyDataToQueue
                0x0000265c       0xd0 ./Proyecto/freertos/src/queue.o
 .text.prvCopyDataFromQueue
                0x0000272c       0x4c ./Proyecto/freertos/src/queue.o
 .text.prvUnlockQueue
                0x00002778       0x98 ./Proyecto/freertos/src/queue.o
 .text.prvIsQueueEmpty
                0x00002810       0x2c ./Proyecto/freertos/src/queue.o
 .text.prvIsQueueFull
                0x0000283c       0x30 ./Proyecto/freertos/src/queue.o
 .text.xTaskGenericCreate
                0x0000286c      0x140 ./Proyecto/freertos/src/tasks.o
                0x0000286c                xTaskGenericCreate
 .text.vTaskDelay
                0x000029ac       0x54 ./Proyecto/freertos/src/tasks.o
                0x000029ac                vTaskDelay
 .text.vTaskStartScheduler
                0x00002a00       0x58 ./Proyecto/freertos/src/tasks.o
                0x00002a00                vTaskStartScheduler
 .text.vTaskSuspendAll
                0x00002a58       0x1c ./Proyecto/freertos/src/tasks.o
                0x00002a58                vTaskSuspendAll
 .text.xTaskResumeAll
                0x00002a74       0xfc ./Proyecto/freertos/src/tasks.o
                0x00002a74                xTaskResumeAll
 .text.xTaskIncrementTick
                0x00002b70      0x19c ./Proyecto/freertos/src/tasks.o
                0x00002b70                xTaskIncrementTick
 .text.vTaskSwitchContext
                0x00002d0c       0x98 ./Proyecto/freertos/src/tasks.o
                0x00002d0c                vTaskSwitchContext
 .text.vTaskPlaceOnEventList
                0x00002da4       0x60 ./Proyecto/freertos/src/tasks.o
                0x00002da4                vTaskPlaceOnEventList
 .text.xTaskRemoveFromEventList
                0x00002e04       0xac ./Proyecto/freertos/src/tasks.o
                0x00002e04                xTaskRemoveFromEventList
 .text.vTaskSetTimeOutState
                0x00002eb0       0x2c ./Proyecto/freertos/src/tasks.o
                0x00002eb0                vTaskSetTimeOutState
 .text.xTaskCheckForTimeOut
                0x00002edc       0x88 ./Proyecto/freertos/src/tasks.o
                0x00002edc                xTaskCheckForTimeOut
 .text.vTaskMissedYield
                0x00002f64       0x18 ./Proyecto/freertos/src/tasks.o
                0x00002f64                vTaskMissedYield
 .text.prvIdleTask
                0x00002f7c       0x24 ./Proyecto/freertos/src/tasks.o
 .text.prvInitialiseTCBVariables
                0x00002fa0       0x98 ./Proyecto/freertos/src/tasks.o
 .text.prvInitialiseTaskLists
                0x00003038       0x80 ./Proyecto/freertos/src/tasks.o
 .text.prvCheckTasksWaitingTermination
                0x000030b8       0x78 ./Proyecto/freertos/src/tasks.o
 .text.prvAddCurrentTaskToDelayedList
                0x00003130       0x6c ./Proyecto/freertos/src/tasks.o
 .text.prvAllocateTCBAndStack
                0x0000319c       0x64 ./Proyecto/freertos/src/tasks.o
 .text.prvDeleteTCB
                0x00003200       0x20 ./Proyecto/freertos/src/tasks.o
 .text.xTaskGetCurrentTaskHandle
                0x00003220       0x1c ./Proyecto/freertos/src/tasks.o
                0x00003220                xTaskGetCurrentTaskHandle
 .text.vTaskPriorityInherit
                0x0000323c       0xb4 ./Proyecto/freertos/src/tasks.o
                0x0000323c                vTaskPriorityInherit
 .text.vTaskPriorityDisinherit
                0x000032f0       0x7c ./Proyecto/freertos/src/tasks.o
                0x000032f0                vTaskPriorityDisinherit
 .text.memcpy   0x0000336c        0x4 /usr/local/lpcxpresso_8.2.2_650/lpcxpresso/tools/bin/../lib/gcc/arm-none-eabi/5.4.1/../../../../arm-none-eabi/lib/armv7-m/libcr_c.a(memcpy.o)
                0x0000336c                memcpy
 .text.memset   0x00003370        0x4 /usr/local/lpcxpresso_8.2.2_650/lpcxpresso/tools/bin/../lib/gcc/arm-none-eabi/5.4.1/../../../../arm-none-eabi/lib/armv7-m/libcr_c.a(memset.o)
                0x00003370                memset
 .text.__weak_main
                0x00003374        0x4 /usr/local/lpcxpresso_8.2.2_650/lpcxpresso/tools/bin/../lib/gcc/arm-none-eabi/5.4.1/../../../../arm-none-eabi/lib/armv7-m/libcr_c.a(__weak__main.o)
                0x00003374                __main
                0x00003374                __weak_main
 .text.malloc   0x00003378       0xc8 /usr/local/lpcxpresso_8.2.2_650/lpcxpresso/tools/bin/../lib/gcc/arm-none-eabi/5.4.1/../../../../arm-none-eabi/lib/armv7-m/libcr_c.a(alloc.o)
                0x00003378                malloc
 .text.free     0x00003440       0x30 /usr/local/lpcxpresso_8.2.2_650/lpcxpresso/tools/bin/../lib/gcc/arm-none-eabi/5.4.1/../../../../arm-none-eabi/lib/armv7-m/libcr_c.a(alloc.o)
                0x00003440                free
 .text.itoa     0x00003470       0x5c /usr/local/lpcxpresso_8.2.2_650/lpcxpresso/tools/bin/../lib/gcc/arm-none-eabi/5.4.1/../../../../arm-none-eabi/lib/armv7-m/libcr_c.a(itoa.o)
                0x00003470                itoa
 .text.strcat   0x000034cc       0x1e /usr/local/lpcxpresso_8.2.2_650/lpcxpresso/tools/bin/../lib/gcc/arm-none-eabi/5.4.1/../../../../arm-none-eabi/lib/armv7-m/libcr_c.a(strcat.o)
                0x000034cc                strcat
 *fill*         0x000034ea        0x2 ff
 .text._sbrk    0x000034ec       0x40 /usr/local/lpcxpresso_8.2.2_650/lpcxpresso/tools/bin/../lib/gcc/arm-none-eabi/5.4.1/../../../../arm-none-eabi/lib/armv7-m/libcr_c.a(_cr_sbrk.o)
                0x000034ec                _sbrk
 .text.__check_heap_overflow
                0x0000352c       0x18 /usr/local/lpcxpresso_8.2.2_650/lpcxpresso/tools/bin/../lib/gcc/arm-none-eabi/5.4.1/../../../../arm-none-eabi/lib/armv7-m/libcr_c.a(_cr_check_heap.o)
                0x0000352c                __check_heap_overflow
 .text.__aeabi_memcpy
                0x00003544       0x34 /usr/local/lpcxpresso_8.2.2_650/lpcxpresso/tools/bin/../lib/gcc/arm-none-eabi/5.4.1/armv7-m/libcr_eabihelpers.a(memcpy.o)
                0x00003544                __aeabi_memcpy
                0x0000354e                __aeabi_memcpy4
                0x0000354e                __aeabi_memcpy8
 .text.__aeabi_memset_lowlevel
                0x00003578       0x32 /usr/local/lpcxpresso_8.2.2_650/lpcxpresso/tools/bin/../lib/gcc/arm-none-eabi/5.4.1/armv7-m/libcr_eabihelpers.a(memcpy.o)
                0x00003578                __aeabi_lowlevel_memset
 *(.rodata .rodata.* .constdata .constdata.*)
 *fill*         0x000035aa        0x2 ff
 .rodata        0x000035ac       0x43 ./Proyecto/src/Proyecto.o
 *fill*         0x000035ef        0x1 ff
 .rodata        0x000035f0       0x90 ./Proyecto/src/display.o
 .rodata.OscRateIn
                0x00003680        0x4 ./Proyecto/lpc_board_nxp_lpcxpresso_1769/src/board.o
                0x00003680                OscRateIn
 .rodata.RTCOscRateIn
                0x00003684        0x4 ./Proyecto/lpc_board_nxp_lpcxpresso_1769/src/board.o
                0x00003684                RTCOscRateIn
 .rodata        0x00003688        0x5 ./Proyecto/freertos/src/tasks.o
 .rodata.digits
                0x0000368d       0x11 /usr/local/lpcxpresso_8.2.2_650/lpcxpresso/tools/bin/../lib/gcc/arm-none-eabi/5.4.1/../../../../arm-none-eabi/lib/armv7-m/libcr_c.a(itoa.o)
                0x000036a0                . = ALIGN (0x4)
 *fill*         0x0000369e        0x2 ff

.glue_7         0x000036a0        0x0
 .glue_7        0x000036a0        0x0 linker stubs

.glue_7t        0x000036a0        0x0
 .glue_7t       0x000036a0        0x0 linker stubs

.vfp11_veneer   0x000036a0        0x0
 .vfp11_veneer  0x000036a0        0x0 linker stubs

.v4_bx          0x000036a0        0x0
 .v4_bx         0x000036a0        0x0 linker stubs

.iplt           0x000036a0        0x0
 .iplt          0x000036a0        0x0 ./Proyecto/src/GPIO.o

.rel.dyn        0x000036a0        0x0
 .rel.iplt      0x000036a0        0x0 ./Proyecto/src/GPIO.o

.ARM.extab
 *(.ARM.extab* .gnu.linkonce.armextab.*)
                0x000036a0                __exidx_start = .

.ARM.exidx
 *(.ARM.exidx* .gnu.linkonce.armexidx.*)
                0x000036a0                __exidx_end = .
                0x000036a0                _etext = .

.data_RAM2      0x2007c000        0x0 load address 0x000036a0
 FILL mask 0xff
                [!provide]                PROVIDE (__start_data_RAM2, .)
 *(.ramfunc.$RAM2)
 *(.ramfunc.$RamAHB32)
 *(.data.$RAM2*)
 *(.data.$RamAHB32*)
                0x2007c000                . = ALIGN (0x4)
                [!provide]                PROVIDE (__end_data_RAM2, .)

.uninit_RESERVED
                0x10000000        0x0
 *(.bss.$RESERVED*)
                0x10000000                . = ALIGN (0x4)
                0x10000000                _end_uninit_RESERVED = .

.data           0x10000000       0x10 load address 0x000036a0
 FILL mask 0xff
                0x10000000                _data = .
 *(vtable)
 *(.ramfunc*)
 *(.data*)
 .data.estado.8049
                0x10000000        0x4 ./Proyecto/src/Proyecto.o
 .data.pos_anterior.8075
                0x10000004        0x4 ./Proyecto/src/Proyecto.o
 .data.uxCriticalNesting
                0x10000008        0x4 ./Proyecto/freertos/src/port.o
 .data.xNextTaskUnblockTime
                0x1000000c        0x4 ./Proyecto/freertos/src/tasks.o
                0x10000010                . = ALIGN (0x4)
                0x10000010                _edata = .

.igot.plt       0x10000010        0x0 load address 0x000036b0
 .igot.plt      0x10000010        0x0 ./Proyecto/src/GPIO.o

.bss_RAM2       0x2007c000        0x0
                [!provide]                PROVIDE (__start_bss_RAM2, .)
 *(.bss.$RAM2*)
 *(.bss.$RamAHB32*)
                0x2007c000                . = ALIGN ((. != 0x0)?0x4:0x1)
                [!provide]                PROVIDE (__end_bss_RAM2, .)

.bss            0x10000010      0x1a8
                0x10000010                _bss = .
 *(.bss*)
 .bss.init      0x10000010        0x4 ./Proyecto/src/Proyecto.o
                0x10000010                init
 .bss.motor1    0x10000014        0x4 ./Proyecto/src/Proyecto.o
                0x10000014                motor1
 .bss.motor2    0x10000018        0x4 ./Proyecto/src/Proyecto.o
                0x10000018                motor2
 .bss.alarma    0x1000001c        0x4 ./Proyecto/src/Proyecto.o
                0x1000001c                alarma
 .bss.sensor_color
                0x10000020        0x4 ./Proyecto/src/Proyecto.o
                0x10000020                sensor_color
 .bss.sd        0x10000024        0x4 ./Proyecto/src/Proyecto.o
                0x10000024                sd
 .bss.motor1_ISR
                0x10000028        0x4 ./Proyecto/src/Proyecto.o
                0x10000028                motor1_ISR
 .bss.init_OK   0x1000002c        0x4 ./Proyecto/src/Proyecto.o
                0x1000002c                init_OK
 .bss.motor1_OK
                0x10000030        0x4 ./Proyecto/src/Proyecto.o
                0x10000030                motor1_OK
 .bss.motor2_OK
                0x10000034        0x4 ./Proyecto/src/Proyecto.o
                0x10000034                motor2_OK
 .bss.alarma_OK
                0x10000038        0x4 ./Proyecto/src/Proyecto.o
                0x10000038                alarma_OK
 .bss.sd_OK     0x1000003c        0x4 ./Proyecto/src/Proyecto.o
                0x1000003c                sd_OK
 .bss.QueueColor
                0x10000040        0x4 ./Proyecto/src/Proyecto.o
                0x10000040                QueueColor
 .bss.posicion  0x10000044        0x4 ./Proyecto/src/Proyecto.o
                0x10000044                posicion
 .bss.contador  0x10000048        0x4 ./Proyecto/src/Proyecto.o
                0x10000048                contador
 .bss.estado_anterior.8048
                0x1000004c        0x4 ./Proyecto/src/Proyecto.o
 .bss.data.8050
                0x10000050        0x4 ./Proyecto/src/Proyecto.o
 .bss.cont.8051
                0x10000054        0x4 ./Proyecto/src/Proyecto.o
 .bss.pos.8074  0x10000058        0x4 ./Proyecto/src/Proyecto.o
 .bss.contador.7872
                0x1000005c       0x14 ./Proyecto/src/display.o
 .bss.SystemCoreClock
                0x10000070        0x4 ./Proyecto/lpc_chip_175x_6x/src/chip_17xx_40xx.o
                0x10000070                SystemCoreClock
 .bss.pxCurrentTCB
                0x10000074        0x4 ./Proyecto/freertos/src/tasks.o
                0x10000074                pxCurrentTCB
 .bss.pxReadyTasksLists
                0x10000078       0xa0 ./Proyecto/freertos/src/tasks.o
 .bss.xDelayedTaskList1
                0x10000118       0x14 ./Proyecto/freertos/src/tasks.o
 .bss.xDelayedTaskList2
                0x1000012c       0x14 ./Proyecto/freertos/src/tasks.o
 .bss.pxDelayedTaskList
                0x10000140        0x4 ./Proyecto/freertos/src/tasks.o
 .bss.pxOverflowDelayedTaskList
                0x10000144        0x4 ./Proyecto/freertos/src/tasks.o
 .bss.xPendingReadyList
                0x10000148       0x14 ./Proyecto/freertos/src/tasks.o
 .bss.xTasksWaitingTermination
                0x1000015c       0x14 ./Proyecto/freertos/src/tasks.o
 .bss.uxTasksDeleted
                0x10000170        0x4 ./Proyecto/freertos/src/tasks.o
 .bss.xSuspendedTaskList
                0x10000174       0x14 ./Proyecto/freertos/src/tasks.o
 .bss.uxCurrentNumberOfTasks
                0x10000188        0x4 ./Proyecto/freertos/src/tasks.o
 .bss.xTickCount
                0x1000018c        0x4 ./Proyecto/freertos/src/tasks.o
 .bss.uxTopReadyPriority
                0x10000190        0x4 ./Proyecto/freertos/src/tasks.o
 .bss.xSchedulerRunning
                0x10000194        0x4 ./Proyecto/freertos/src/tasks.o
 .bss.uxSchedulerSuspended
                0x10000198        0x4 ./Proyecto/freertos/src/tasks.o
 .bss.uxPendedTicks
                0x1000019c        0x4 ./Proyecto/freertos/src/tasks.o
 .bss.xYieldPending
                0x100001a0        0x4 ./Proyecto/freertos/src/tasks.o
 .bss.xNumOfOverflows
                0x100001a4        0x4 ./Proyecto/freertos/src/tasks.o
 .bss.uxTaskNumber
                0x100001a8        0x4 ./Proyecto/freertos/src/tasks.o
 .bss.__heaps   0x100001ac        0x4 /usr/local/lpcxpresso_8.2.2_650/lpcxpresso/tools/bin/../lib/gcc/arm-none-eabi/5.4.1/../../../../arm-none-eabi/lib/armv7-m/libcr_c.a(__init_alloc.o)
                0x100001ac                __heaps
 .bss.__end_of_heap
                0x100001b0        0x4 /usr/local/lpcxpresso_8.2.2_650/lpcxpresso/tools/bin/../lib/gcc/arm-none-eabi/5.4.1/../../../../arm-none-eabi/lib/armv7-m/libcr_c.a(__init_alloc.o)
                0x100001b0                __end_of_heap
 .bss.errno     0x100001b4        0x4 /usr/local/lpcxpresso_8.2.2_650/lpcxpresso/tools/bin/../lib/gcc/arm-none-eabi/5.4.1/../../../../arm-none-eabi/lib/armv7-m/libcr_c.a(errno.o)
                0x100001b4                errno
 *(COMMON)
                0x100001b8                . = ALIGN (0x4)
                0x100001b8                _ebss = .
                [!provide]                PROVIDE (end, .)

.noinit_RAM2    0x2007c000        0x0
 *(.noinit.$RAM2*)
 *(.noinit.$RamAHB32*)
                0x2007c000                . = ALIGN (0x4)

.noinit         0x100001b8        0x0
                0x100001b8                _noinit = .
 *(.noinit*)
                0x100001b8                . = ALIGN (0x4)
                0x100001b8                _end_noinit = .
                0x100001b8                PROVIDE (_pvHeapStart, DEFINED (__user_heap_base)?__user_heap_base:.)
                0x10008000                PROVIDE (_vStackTop, DEFINED (__user_stack_top)?__user_stack_top:(__top_RamLoc32 - 0x0))
                0xefff74c6                PROVIDE (__valid_user_code_checksum, (0x0 - ((((((_vStackTop + (ResetISR + 0x1)) + (NMI_Handler + 0x1)) + (HardFault_Handler + 0x1)) + (DEFINED (MemManage_Handler)?MemManage_Handler:0x0 + 0x1)) + (DEFINED (BusFault_Handler)?BusFault_Handler:0x0 + 0x1)) + (DEFINED (UsageFault_Handler)?UsageFault_Handler:0x0 + 0x1))))
OUTPUT(INTENTO.axf elf32-littlearm)

.debug_info     0x00000000     0x61fb
 .debug_info    0x00000000      0x42d ./Proyecto/src/GPIO.o
 .debug_info    0x0000042d      0x963 ./Proyecto/src/Proyecto.o
 .debug_info    0x00000d90      0x253 ./Proyecto/src/cr_startup_lpc175x_6x.o
 .debug_info    0x00000fe3       0x3f ./Proyecto/src/crp.o
 .debug_info    0x00001022      0x252 ./Proyecto/src/display.o
 .debug_info    0x00001274      0x1de ./Proyecto/src/funciones.o
 .debug_info    0x00001452      0x3b3 ./Proyecto/src/sensor_color.o
 .debug_info    0x00001805      0x51e ./Proyecto/lpc_chip_175x_6x/src/chip_17xx_40xx.o
 .debug_info    0x00001d23      0xb62 ./Proyecto/lpc_chip_175x_6x/src/clock_17xx_40xx.o
 .debug_info    0x00002885     0x13d9 ./Proyecto/lpc_board_nxp_lpcxpresso_1769/src/board.o
 .debug_info    0x00003c5e      0x19f ./Proyecto/freertos/src/FreeRTOSCommonHooks.o
 .debug_info    0x00003dfd      0x134 ./Proyecto/freertos/src/heap_3.o
 .debug_info    0x00003f31      0x2cf ./Proyecto/freertos/src/list.o
 .debug_info    0x00004200      0x30b ./Proyecto/freertos/src/port.o
 .debug_info    0x0000450b      0xbd4 ./Proyecto/freertos/src/queue.o
 .debug_info    0x000050df     0x111c ./Proyecto/freertos/src/tasks.o

.debug_abbrev   0x00000000     0x189c
 .debug_abbrev  0x00000000      0x168 ./Proyecto/src/GPIO.o
 .debug_abbrev  0x00000168      0x263 ./Proyecto/src/Proyecto.o
 .debug_abbrev  0x000003cb       0xf5 ./Proyecto/src/cr_startup_lpc175x_6x.o
 .debug_abbrev  0x000004c0       0x36 ./Proyecto/src/crp.o
 .debug_abbrev  0x000004f6       0xe8 ./Proyecto/src/display.o
 .debug_abbrev  0x000005de       0xe8 ./Proyecto/src/funciones.o
 .debug_abbrev  0x000006c6      0x153 ./Proyecto/src/sensor_color.o
 .debug_abbrev  0x00000819      0x13c ./Proyecto/lpc_chip_175x_6x/src/chip_17xx_40xx.o
 .debug_abbrev  0x00000955      0x2ec ./Proyecto/lpc_chip_175x_6x/src/clock_17xx_40xx.o
 .debug_abbrev  0x00000c41      0x379 ./Proyecto/lpc_board_nxp_lpcxpresso_1769/src/board.o
 .debug_abbrev  0x00000fba      0x129 ./Proyecto/freertos/src/FreeRTOSCommonHooks.o
 .debug_abbrev  0x000010e3       0xd4 ./Proyecto/freertos/src/heap_3.o
 .debug_abbrev  0x000011b7       0xec ./Proyecto/freertos/src/list.o
 .debug_abbrev  0x000012a3      0x1ad ./Proyecto/freertos/src/port.o
 .debug_abbrev  0x00001450      0x206 ./Proyecto/freertos/src/queue.o
 .debug_abbrev  0x00001656      0x246 ./Proyecto/freertos/src/tasks.o

.debug_aranges  0x00000000      0x8d8
 .debug_aranges
                0x00000000       0x70 ./Proyecto/src/GPIO.o
 .debug_aranges
                0x00000070       0xa0 ./Proyecto/src/Proyecto.o
 .debug_aranges
                0x00000110       0x80 ./Proyecto/src/cr_startup_lpc175x_6x.o
 .debug_aranges
                0x00000190       0x18 ./Proyecto/src/crp.o
 .debug_aranges
                0x000001a8       0x38 ./Proyecto/src/display.o
 .debug_aranges
                0x000001e0       0x60 ./Proyecto/src/funciones.o
 .debug_aranges
                0x00000240       0x68 ./Proyecto/src/sensor_color.o
 .debug_aranges
                0x000002a8       0x38 ./Proyecto/lpc_chip_175x_6x/src/chip_17xx_40xx.o
 .debug_aranges
                0x000002e0      0x120 ./Proyecto/lpc_chip_175x_6x/src/clock_17xx_40xx.o
 .debug_aranges
                0x00000400      0x160 ./Proyecto/lpc_board_nxp_lpcxpresso_1769/src/board.o
 .debug_aranges
                0x00000560       0x40 ./Proyecto/freertos/src/FreeRTOSCommonHooks.o
 .debug_aranges
                0x000005a0       0x28 ./Proyecto/freertos/src/heap_3.o
 .debug_aranges
                0x000005c8       0x40 ./Proyecto/freertos/src/list.o
 .debug_aranges
                0x00000608       0x88 ./Proyecto/freertos/src/port.o
 .debug_aranges
                0x00000690       0xf0 ./Proyecto/freertos/src/queue.o
 .debug_aranges
                0x00000780      0x158 ./Proyecto/freertos/src/tasks.o

.debug_ranges   0x00000000      0x7d0
 .debug_ranges  0x00000000       0x60 ./Proyecto/src/GPIO.o
 .debug_ranges  0x00000060       0x90 ./Proyecto/src/Proyecto.o
 .debug_ranges  0x000000f0       0x70 ./Proyecto/src/cr_startup_lpc175x_6x.o
 .debug_ranges  0x00000160       0x28 ./Proyecto/src/display.o
 .debug_ranges  0x00000188       0x50 ./Proyecto/src/funciones.o
 .debug_ranges  0x000001d8       0x58 ./Proyecto/src/sensor_color.o
 .debug_ranges  0x00000230       0x28 ./Proyecto/lpc_chip_175x_6x/src/chip_17xx_40xx.o
 .debug_ranges  0x00000258      0x110 ./Proyecto/lpc_chip_175x_6x/src/clock_17xx_40xx.o
 .debug_ranges  0x00000368      0x150 ./Proyecto/lpc_board_nxp_lpcxpresso_1769/src/board.o
 .debug_ranges  0x000004b8       0x30 ./Proyecto/freertos/src/FreeRTOSCommonHooks.o
 .debug_ranges  0x000004e8       0x18 ./Proyecto/freertos/src/heap_3.o
 .debug_ranges  0x00000500       0x30 ./Proyecto/freertos/src/list.o
 .debug_ranges  0x00000530       0x78 ./Proyecto/freertos/src/port.o
 .debug_ranges  0x000005a8       0xe0 ./Proyecto/freertos/src/queue.o
 .debug_ranges  0x00000688      0x148 ./Proyecto/freertos/src/tasks.o

.debug_macro    0x00000000     0x68c3
 .debug_macro   0x00000000      0x1e2 ./Proyecto/src/GPIO.o
 .debug_macro   0x000001e2      0x886 ./Proyecto/src/GPIO.o
 .debug_macro   0x00000a68       0x10 ./Proyecto/src/GPIO.o
 .debug_macro   0x00000a78      0x12d ./Proyecto/src/GPIO.o
 .debug_macro   0x00000ba5      0x5b2 ./Proyecto/src/GPIO.o
 .debug_macro   0x00001157       0x22 ./Proyecto/src/GPIO.o
 .debug_macro   0x00001179       0x7b ./Proyecto/src/GPIO.o
 .debug_macro   0x000011f4       0x10 ./Proyecto/src/GPIO.o
 .debug_macro   0x00001204       0x2d ./Proyecto/src/GPIO.o
 .debug_macro   0x00001231       0x3a ./Proyecto/src/GPIO.o
 .debug_macro   0x0000126b       0x2d ./Proyecto/src/GPIO.o
 .debug_macro   0x00001298      0xbb1 ./Proyecto/src/GPIO.o
 .debug_macro   0x00001e49      0x22c ./Proyecto/src/GPIO.o
 .debug_macro   0x00002075       0x42 ./Proyecto/src/GPIO.o
 .debug_macro   0x000020b7       0x52 ./Proyecto/src/GPIO.o
 .debug_macro   0x00002109       0x78 ./Proyecto/src/GPIO.o
 .debug_macro   0x00002181       0x82 ./Proyecto/src/GPIO.o
 .debug_macro   0x00002203      0x48c ./Proyecto/src/GPIO.o
 .debug_macro   0x0000268f       0x34 ./Proyecto/src/GPIO.o
 .debug_macro   0x000026c3      0x4c5 ./Proyecto/src/GPIO.o
 .debug_macro   0x00002b88      0x1b7 ./Proyecto/src/GPIO.o
 .debug_macro   0x00002d3f       0x10 ./Proyecto/src/GPIO.o
 .debug_macro   0x00002d4f      0x21b ./Proyecto/src/GPIO.o
 .debug_macro   0x00002f6a      0x1b9 ./Proyecto/src/GPIO.o
 .debug_macro   0x00003123       0x40 ./Proyecto/src/GPIO.o
 .debug_macro   0x00003163       0x22 ./Proyecto/src/GPIO.o
 .debug_macro   0x00003185      0x162 ./Proyecto/src/GPIO.o
 .debug_macro   0x000032e7       0x94 ./Proyecto/src/GPIO.o
 .debug_macro   0x0000337b       0xb8 ./Proyecto/src/GPIO.o
 .debug_macro   0x00003433       0x4c ./Proyecto/src/GPIO.o
 .debug_macro   0x0000347f       0x16 ./Proyecto/src/GPIO.o
 .debug_macro   0x00003495      0x328 ./Proyecto/src/GPIO.o
 .debug_macro   0x000037bd       0x49 ./Proyecto/src/GPIO.o
 .debug_macro   0x00003806       0x16 ./Proyecto/src/GPIO.o
 .debug_macro   0x0000381c       0xca ./Proyecto/src/GPIO.o
 .debug_macro   0x000038e6       0x18 ./Proyecto/src/GPIO.o
 .debug_macro   0x000038fe       0x4c ./Proyecto/src/GPIO.o
 .debug_macro   0x0000394a      0x329 ./Proyecto/src/Proyecto.o
 .debug_macro   0x00003c73       0x16 ./Proyecto/src/Proyecto.o
 .debug_macro   0x00003c89       0x46 ./Proyecto/src/Proyecto.o
 .debug_macro   0x00003ccf       0x74 ./Proyecto/src/Proyecto.o
 .debug_macro   0x00003d43       0x11 ./Proyecto/src/Proyecto.o
 .debug_macro   0x00003d54       0xa6 ./Proyecto/src/Proyecto.o
 .debug_macro   0x00003dfa       0x9a ./Proyecto/src/Proyecto.o
 .debug_macro   0x00003e94       0x20 ./Proyecto/src/Proyecto.o
 .debug_macro   0x00003eb4       0x28 ./Proyecto/src/Proyecto.o
 .debug_macro   0x00003edc       0xee ./Proyecto/src/Proyecto.o
 .debug_macro   0x00003fca       0xab ./Proyecto/src/Proyecto.o
 .debug_macro   0x00004075       0x12 ./Proyecto/src/Proyecto.o
 .debug_macro   0x00004087       0x1f ./Proyecto/src/Proyecto.o
 .debug_macro   0x000040a6      0x257 ./Proyecto/src/Proyecto.o
 .debug_macro   0x000042fd       0x64 ./Proyecto/src/Proyecto.o
 .debug_macro   0x00004361       0x57 ./Proyecto/src/Proyecto.o
 .debug_macro   0x000043b8       0xb0 ./Proyecto/src/Proyecto.o
 .debug_macro   0x00004468       0x77 ./Proyecto/src/Proyecto.o
 .debug_macro   0x000044df       0x1c ./Proyecto/src/Proyecto.o
 .debug_macro   0x000044fb       0x40 ./Proyecto/src/Proyecto.o
 .debug_macro   0x0000453b       0x9a ./Proyecto/src/Proyecto.o
 .debug_macro   0x000045d5       0x22 ./Proyecto/src/Proyecto.o
 .debug_macro   0x000045f7       0x82 ./Proyecto/src/Proyecto.o
 .debug_macro   0x00004679       0x1d ./Proyecto/src/cr_startup_lpc175x_6x.o
 .debug_macro   0x00004696       0x1a ./Proyecto/src/crp.o
 .debug_macro   0x000046b0       0x34 ./Proyecto/src/crp.o
 .debug_macro   0x000046e4      0x2e8 ./Proyecto/src/display.o
 .debug_macro   0x000049cc       0x22 ./Proyecto/src/display.o
 .debug_macro   0x000049ee      0x2f1 ./Proyecto/src/funciones.o
 .debug_macro   0x00004cdf       0x10 ./Proyecto/src/funciones.o
 .debug_macro   0x00004cef       0xf4 ./Proyecto/src/funciones.o
 .debug_macro   0x00004de3      0x29e ./Proyecto/src/sensor_color.o
 .debug_macro   0x00005081      0x1cd ./Proyecto/lpc_chip_175x_6x/src/chip_17xx_40xx.o
 .debug_macro   0x0000524e      0x1cd ./Proyecto/lpc_chip_175x_6x/src/clock_17xx_40xx.o
 .debug_macro   0x0000541b      0x2b9 ./Proyecto/lpc_board_nxp_lpcxpresso_1769/src/board.o
 .debug_macro   0x000056d4       0x12 ./Proyecto/lpc_board_nxp_lpcxpresso_1769/src/board.o
 .debug_macro   0x000056e6      0x2a2 ./Proyecto/freertos/src/FreeRTOSCommonHooks.o
 .debug_macro   0x00005988      0x2b2 ./Proyecto/freertos/src/heap_3.o
 .debug_macro   0x00005c3a       0x28 ./Proyecto/freertos/src/heap_3.o
 .debug_macro   0x00005c62      0x297 ./Proyecto/freertos/src/list.o
 .debug_macro   0x00005ef9      0x329 ./Proyecto/freertos/src/port.o
 .debug_macro   0x00006222      0x2fa ./Proyecto/freertos/src/queue.o
 .debug_macro   0x0000651c      0x336 ./Proyecto/freertos/src/tasks.o
 .debug_macro   0x00006852       0x5b ./Proyecto/freertos/src/tasks.o
 .debug_macro   0x000068ad       0x16 ./Proyecto/freertos/src/tasks.o

.debug_line     0x00000000     0x65c4
 .debug_line    0x00000000      0x511 ./Proyecto/src/GPIO.o
 .debug_line    0x00000511      0x9a6 ./Proyecto/src/Proyecto.o
 .debug_line    0x00000eb7       0xdd ./Proyecto/src/cr_startup_lpc175x_6x.o
 .debug_line    0x00000f94       0x85 ./Proyecto/src/crp.o
 .debug_line    0x00001019      0x6f6 ./Proyecto/src/display.o
 .debug_line    0x0000170f      0x693 ./Proyecto/src/funciones.o
 .debug_line    0x00001da2      0x664 ./Proyecto/src/sensor_color.o
 .debug_line    0x00002406      0x474 ./Proyecto/lpc_chip_175x_6x/src/chip_17xx_40xx.o
 .debug_line    0x0000287a      0x6f0 ./Proyecto/lpc_chip_175x_6x/src/clock_17xx_40xx.o
 .debug_line    0x00002f6a      0x88c ./Proyecto/lpc_board_nxp_lpcxpresso_1769/src/board.o
 .debug_line    0x000037f6      0x60e ./Proyecto/freertos/src/FreeRTOSCommonHooks.o
 .debug_line    0x00003e04      0x5b3 ./Proyecto/freertos/src/heap_3.o
 .debug_line    0x000043b7      0x5ff ./Proyecto/freertos/src/list.o
 .debug_line    0x000049b6      0x6a1 ./Proyecto/freertos/src/port.o
 .debug_line    0x00005057      0x909 ./Proyecto/freertos/src/queue.o
 .debug_line    0x00005960      0xc64 ./Proyecto/freertos/src/tasks.o

.debug_str      0x00000000    0x18852
 .debug_str     0x00000000    0x106d5 ./Proyecto/src/GPIO.o
                              0x107ab (size before relaxing)
 .debug_str     0x000106d5     0x436c ./Proyecto/src/Proyecto.o
                              0x149d2 (size before relaxing)
 .debug_str     0x00014a41      0x1a0 ./Proyecto/src/cr_startup_lpc175x_6x.o
                               0x268d (size before relaxing)
 .debug_str     0x00014be1       0xf2 ./Proyecto/src/crp.o
                               0x25a5 (size before relaxing)
 .debug_str     0x00014cd3       0xa0 ./Proyecto/src/display.o
                              0x13fdf (size before relaxing)
 .debug_str     0x00014d73       0xa6 ./Proyecto/src/funciones.o
                              0x140fd (size before relaxing)
 .debug_str     0x00014e19       0x7b ./Proyecto/src/sensor_color.o
                              0x12fb8 (size before relaxing)
 .debug_str     0x00014e94      0x34e ./Proyecto/lpc_chip_175x_6x/src/chip_17xx_40xx.o
                              0x10b5d (size before relaxing)
 .debug_str     0x000151e2      0x871 ./Proyecto/lpc_chip_175x_6x/src/clock_17xx_40xx.o
                              0x111cb (size before relaxing)
 .debug_str     0x00015a53      0x9e9 ./Proyecto/lpc_board_nxp_lpcxpresso_1769/src/board.o
                              0x11a72 (size before relaxing)
 .debug_str     0x0001643c      0x10a ./Proyecto/freertos/src/FreeRTOSCommonHooks.o
                              0x12cd0 (size before relaxing)
 .debug_str     0x00016546       0x9e ./Proyecto/freertos/src/heap_3.o
                              0x12cc5 (size before relaxing)
 .debug_str     0x000165e4      0x137 ./Proyecto/freertos/src/list.o
                              0x12a0a (size before relaxing)
 .debug_str     0x0001671b      0x633 ./Proyecto/freertos/src/port.o
                              0x133f4 (size before relaxing)
 .debug_str     0x00016d4e      0x6a9 ./Proyecto/freertos/src/queue.o
                              0x14012 (size before relaxing)
 .debug_str     0x000173f7     0x145b ./Proyecto/freertos/src/tasks.o
                              0x1440b (size before relaxing)

.comment        0x00000000       0xdc
 .comment       0x00000000       0x6e ./Proyecto/src/GPIO.o
                                 0x6f (size before relaxing)
 .comment       0x0000006e       0x6f ./Proyecto/src/Proyecto.o
 .comment       0x0000006e       0x6f ./Proyecto/src/cr_startup_lpc175x_6x.o
 .comment       0x0000006e       0x6f ./Proyecto/src/crp.o
 .comment       0x0000006e       0x6f ./Proyecto/src/display.o
 .comment       0x0000006e       0x6f ./Proyecto/src/funciones.o
 .comment       0x0000006e       0x6f ./Proyecto/src/sensor_color.o
 .comment       0x0000006e       0x6f ./Proyecto/lpc_chip_175x_6x/src/chip_17xx_40xx.o
 .comment       0x0000006e       0x6f ./Proyecto/lpc_chip_175x_6x/src/clock_17xx_40xx.o
 .comment       0x0000006e       0x6f ./Proyecto/lpc_board_nxp_lpcxpresso_1769/src/board.o
 .comment       0x0000006e       0x6f ./Proyecto/freertos/src/FreeRTOSCommonHooks.o
 .comment       0x0000006e       0x6f ./Proyecto/freertos/src/heap_3.o
 .comment       0x0000006e       0x6f ./Proyecto/freertos/src/list.o
 .comment       0x0000006e       0x6f ./Proyecto/freertos/src/port.o
 .comment       0x0000006e       0x6f ./Proyecto/freertos/src/queue.o
 .comment       0x0000006e       0x6f ./Proyecto/freertos/src/tasks.o
 .comment       0x0000006e       0x6e /usr/local/lpcxpresso_8.2.2_650/lpcxpresso/tools/bin/../lib/gcc/arm-none-eabi/5.4.1/../../../../arm-none-eabi/lib/armv7-m/libcr_c.a(memcpy.o)
                                 0x6f (size before relaxing)
 .comment       0x000000dc       0x6f /usr/local/lpcxpresso_8.2.2_650/lpcxpresso/tools/bin/../lib/gcc/arm-none-eabi/5.4.1/../../../../arm-none-eabi/lib/armv7-m/libcr_c.a(memset.o)
 .comment       0x000000dc       0x6f /usr/local/lpcxpresso_8.2.2_650/lpcxpresso/tools/bin/../lib/gcc/arm-none-eabi/5.4.1/../../../../arm-none-eabi/lib/armv7-m/libcr_c.a(__weak__main.o)
 .comment       0x000000dc       0x6f /usr/local/lpcxpresso_8.2.2_650/lpcxpresso/tools/bin/../lib/gcc/arm-none-eabi/5.4.1/../../../../arm-none-eabi/lib/armv7-m/libcr_c.a(alloc.o)
 .comment       0x000000dc       0x6f /usr/local/lpcxpresso_8.2.2_650/lpcxpresso/tools/bin/../lib/gcc/arm-none-eabi/5.4.1/../../../../arm-none-eabi/lib/armv7-m/libcr_c.a(itoa.o)
 .comment       0x000000dc       0x6f /usr/local/lpcxpresso_8.2.2_650/lpcxpresso/tools/bin/../lib/gcc/arm-none-eabi/5.4.1/../../../../arm-none-eabi/lib/armv7-m/libcr_c.a(strcat.o)
 .comment       0x000000dc       0x6f /usr/local/lpcxpresso_8.2.2_650/lpcxpresso/tools/bin/../lib/gcc/arm-none-eabi/5.4.1/../../../../arm-none-eabi/lib/armv7-m/libcr_c.a(__init_alloc.o)
 .comment       0x000000dc       0x6f /usr/local/lpcxpresso_8.2.2_650/lpcxpresso/tools/bin/../lib/gcc/arm-none-eabi/5.4.1/../../../../arm-none-eabi/lib/armv7-m/libcr_c.a(_cr_sbrk.o)
 .comment       0x000000dc       0x6f /usr/local/lpcxpresso_8.2.2_650/lpcxpresso/tools/bin/../lib/gcc/arm-none-eabi/5.4.1/../../../../arm-none-eabi/lib/armv7-m/libcr_c.a(errno.o)
 .comment       0x000000dc       0x6f /usr/local/lpcxpresso_8.2.2_650/lpcxpresso/tools/bin/../lib/gcc/arm-none-eabi/5.4.1/../../../../arm-none-eabi/lib/armv7-m/libcr_c.a(_cr_check_heap.o)

.ARM.attributes
                0x00000000       0x31
 .ARM.attributes
                0x00000000       0x33 ./Proyecto/src/GPIO.o
 .ARM.attributes
                0x00000033       0x33 ./Proyecto/src/Proyecto.o
 .ARM.attributes
                0x00000066       0x33 ./Proyecto/src/cr_startup_lpc175x_6x.o
 .ARM.attributes
                0x00000099       0x33 ./Proyecto/src/crp.o
 .ARM.attributes
                0x000000cc       0x33 ./Proyecto/src/display.o
 .ARM.attributes
                0x000000ff       0x33 ./Proyecto/src/funciones.o
 .ARM.attributes
                0x00000132       0x33 ./Proyecto/src/sensor_color.o
 .ARM.attributes
                0x00000165       0x33 ./Proyecto/lpc_chip_175x_6x/src/chip_17xx_40xx.o
 .ARM.attributes
                0x00000198       0x33 ./Proyecto/lpc_chip_175x_6x/src/clock_17xx_40xx.o
 .ARM.attributes
                0x000001cb       0x33 ./Proyecto/lpc_board_nxp_lpcxpresso_1769/src/board.o
 .ARM.attributes
                0x000001fe       0x33 ./Proyecto/freertos/src/FreeRTOSCommonHooks.o
 .ARM.attributes
                0x00000231       0x33 ./Proyecto/freertos/src/heap_3.o
 .ARM.attributes
                0x00000264       0x33 ./Proyecto/freertos/src/list.o
 .ARM.attributes
                0x00000297       0x33 ./Proyecto/freertos/src/port.o
 .ARM.attributes
                0x000002ca       0x33 ./Proyecto/freertos/src/queue.o
 .ARM.attributes
                0x000002fd       0x33 ./Proyecto/freertos/src/tasks.o
 .ARM.attributes
                0x00000330       0x33 /usr/local/lpcxpresso_8.2.2_650/lpcxpresso/tools/bin/../lib/gcc/arm-none-eabi/5.4.1/../../../../arm-none-eabi/lib/armv7-m/libcr_c.a(memcpy.o)
 .ARM.attributes
                0x00000363       0x33 /usr/local/lpcxpresso_8.2.2_650/lpcxpresso/tools/bin/../lib/gcc/arm-none-eabi/5.4.1/../../../../arm-none-eabi/lib/armv7-m/libcr_c.a(memset.o)
 .ARM.attributes
                0x00000396       0x33 /usr/local/lpcxpresso_8.2.2_650/lpcxpresso/tools/bin/../lib/gcc/arm-none-eabi/5.4.1/../../../../arm-none-eabi/lib/armv7-m/libcr_c.a(__weak__main.o)
 .ARM.attributes
                0x000003c9       0x33 /usr/local/lpcxpresso_8.2.2_650/lpcxpresso/tools/bin/../lib/gcc/arm-none-eabi/5.4.1/../../../../arm-none-eabi/lib/armv7-m/libcr_c.a(alloc.o)
 .ARM.attributes
                0x000003fc       0x33 /usr/local/lpcxpresso_8.2.2_650/lpcxpresso/tools/bin/../lib/gcc/arm-none-eabi/5.4.1/../../../../arm-none-eabi/lib/armv7-m/libcr_c.a(itoa.o)
 .ARM.attributes
                0x0000042f       0x33 /usr/local/lpcxpresso_8.2.2_650/lpcxpresso/tools/bin/../lib/gcc/arm-none-eabi/5.4.1/../../../../arm-none-eabi/lib/armv7-m/libcr_c.a(strcat.o)
 .ARM.attributes
                0x00000462       0x33 /usr/local/lpcxpresso_8.2.2_650/lpcxpresso/tools/bin/../lib/gcc/arm-none-eabi/5.4.1/../../../../arm-none-eabi/lib/armv7-m/libcr_c.a(__init_alloc.o)
 .ARM.attributes
                0x00000495       0x33 /usr/local/lpcxpresso_8.2.2_650/lpcxpresso/tools/bin/../lib/gcc/arm-none-eabi/5.4.1/../../../../arm-none-eabi/lib/armv7-m/libcr_c.a(_cr_sbrk.o)
 .ARM.attributes
                0x000004c8       0x33 /usr/local/lpcxpresso_8.2.2_650/lpcxpresso/tools/bin/../lib/gcc/arm-none-eabi/5.4.1/../../../../arm-none-eabi/lib/armv7-m/libcr_c.a(errno.o)
 .ARM.attributes
                0x000004fb       0x33 /usr/local/lpcxpresso_8.2.2_650/lpcxpresso/tools/bin/../lib/gcc/arm-none-eabi/5.4.1/../../../../arm-none-eabi/lib/armv7-m/libcr_c.a(_cr_check_heap.o)
 .ARM.attributes
                0x0000052e       0x21 /usr/local/lpcxpresso_8.2.2_650/lpcxpresso/tools/bin/../lib/gcc/arm-none-eabi/5.4.1/armv7-m/libcr_eabihelpers.a(memcpy.o)

.debug_frame    0x00000000     0x208c
 .debug_frame   0x00000000      0x1b4 ./Proyecto/src/GPIO.o
 .debug_frame   0x000001b4      0x234 ./Proyecto/src/Proyecto.o
 .debug_frame   0x000003e8      0x170 ./Proyecto/src/cr_startup_lpc175x_6x.o
 .debug_frame   0x00000558       0xa0 ./Proyecto/src/display.o
 .debug_frame   0x000005f8      0x148 ./Proyecto/src/funciones.o
 .debug_frame   0x00000740      0x14c ./Proyecto/src/sensor_color.o
 .debug_frame   0x0000088c       0x88 ./Proyecto/lpc_chip_175x_6x/src/chip_17xx_40xx.o
 .debug_frame   0x00000914      0x490 ./Proyecto/lpc_chip_175x_6x/src/clock_17xx_40xx.o
 .debug_frame   0x00000da4      0x5d4 ./Proyecto/lpc_board_nxp_lpcxpresso_1769/src/board.o
 .debug_frame   0x00001378       0xb0 ./Proyecto/freertos/src/FreeRTOSCommonHooks.o
 .debug_frame   0x00001428       0x58 ./Proyecto/freertos/src/heap_3.o
 .debug_frame   0x00001480       0xd8 ./Proyecto/freertos/src/list.o
 .debug_frame   0x00001558      0x174 ./Proyecto/freertos/src/port.o
 .debug_frame   0x000016cc      0x404 ./Proyecto/freertos/src/queue.o
 .debug_frame   0x00001ad0      0x5bc ./Proyecto/freertos/src/tasks.o
