Archive member included to satisfy reference by file (symbol)

c:/nxp/lpcxpresso_8.2.2_650/lpcxpresso/tools/bin/../lib/gcc/arm-none-eabi/5.4.1/../../../../arm-none-eabi/lib/armv7-m\libcr_c.a(memcpy.o)
                              ./lpc_chip_175x_6x/src/ring_buffer.o (memcpy)
c:/nxp/lpcxpresso_8.2.2_650/lpcxpresso/tools/bin/../lib/gcc/arm-none-eabi/5.4.1/../../../../arm-none-eabi/lib/armv7-m\libcr_c.a(memset.o)
                              ./freertos/src/tasks.o (memset)
c:/nxp/lpcxpresso_8.2.2_650/lpcxpresso/tools/bin/../lib/gcc/arm-none-eabi/5.4.1/../../../../arm-none-eabi/lib/armv7-m\libcr_c.a(__weak__main.o)
                              ./src/cr_startup_lpc175x_6x.o (__main)
c:/nxp/lpcxpresso_8.2.2_650/lpcxpresso/tools/bin/../lib/gcc/arm-none-eabi/5.4.1/../../../../arm-none-eabi/lib/armv7-m\libcr_c.a(alloc.o)
                              ./freertos/src/heap_3.o (malloc)
c:/nxp/lpcxpresso_8.2.2_650/lpcxpresso/tools/bin/../lib/gcc/arm-none-eabi/5.4.1/../../../../arm-none-eabi/lib/armv7-m\libcr_c.a(fpprintf.o)
                              ./freertos/src/FreeRTOSCommonHooks.o (printf)
c:/nxp/lpcxpresso_8.2.2_650/lpcxpresso/tools/bin/../lib/gcc/arm-none-eabi/5.4.1/../../../../arm-none-eabi/lib/armv7-m\libcr_c.a(printf.o)
                              c:/nxp/lpcxpresso_8.2.2_650/lpcxpresso/tools/bin/../lib/gcc/arm-none-eabi/5.4.1/../../../../arm-none-eabi/lib/armv7-m\libcr_c.a(fpprintf.o) (__vfprintf)
c:/nxp/lpcxpresso_8.2.2_650/lpcxpresso/tools/bin/../lib/gcc/arm-none-eabi/5.4.1/../../../../arm-none-eabi/lib/armv7-m\libcr_c.a(stdio.o)
                              c:/nxp/lpcxpresso_8.2.2_650/lpcxpresso/tools/bin/../lib/gcc/arm-none-eabi/5.4.1/../../../../arm-none-eabi/lib/armv7-m\libcr_c.a(fpprintf.o) (__Ciob)
c:/nxp/lpcxpresso_8.2.2_650/lpcxpresso/tools/bin/../lib/gcc/arm-none-eabi/5.4.1/../../../../arm-none-eabi/lib/armv7-m\libcr_c.a(strlen.o)
                              c:/nxp/lpcxpresso_8.2.2_650/lpcxpresso/tools/bin/../lib/gcc/arm-none-eabi/5.4.1/../../../../arm-none-eabi/lib/armv7-m\libcr_c.a(printf.o) (strlen)
c:/nxp/lpcxpresso_8.2.2_650/lpcxpresso/tools/bin/../lib/gcc/arm-none-eabi/5.4.1/../../../../arm-none-eabi/lib/armv7-m\libcr_c.a(__fillbuf.o)
                              c:/nxp/lpcxpresso_8.2.2_650/lpcxpresso/tools/bin/../lib/gcc/arm-none-eabi/5.4.1/../../../../arm-none-eabi/lib/armv7-m\libcr_c.a(stdio.o) (__filbuf)
c:/nxp/lpcxpresso_8.2.2_650/lpcxpresso/tools/bin/../lib/gcc/arm-none-eabi/5.4.1/../../../../arm-none-eabi/lib/armv7-m\libcr_c.a(__init_alloc.o)
                              c:/nxp/lpcxpresso_8.2.2_650/lpcxpresso/tools/bin/../lib/gcc/arm-none-eabi/5.4.1/../../../../arm-none-eabi/lib/armv7-m\libcr_c.a(alloc.o) (__heaps)
c:/nxp/lpcxpresso_8.2.2_650/lpcxpresso/tools/bin/../lib/gcc/arm-none-eabi/5.4.1/../../../../arm-none-eabi/lib/armv7-m\libcr_c.a(_cr_sbrk.o)
                              c:/nxp/lpcxpresso_8.2.2_650/lpcxpresso/tools/bin/../lib/gcc/arm-none-eabi/5.4.1/../../../../arm-none-eabi/lib/armv7-m\libcr_c.a(alloc.o) (_sbrk)
c:/nxp/lpcxpresso_8.2.2_650/lpcxpresso/tools/bin/../lib/gcc/arm-none-eabi/5.4.1/../../../../arm-none-eabi/lib/armv7-m\libcr_c.a(_deferredlazyseek.o)
                              c:/nxp/lpcxpresso_8.2.2_650/lpcxpresso/tools/bin/../lib/gcc/arm-none-eabi/5.4.1/../../../../arm-none-eabi/lib/armv7-m\libcr_c.a(__fillbuf.o) (_deferredlazyseek)
c:/nxp/lpcxpresso_8.2.2_650/lpcxpresso/tools/bin/../lib/gcc/arm-none-eabi/5.4.1/../../../../arm-none-eabi/lib/armv7-m\libcr_c.a(_fflush.o)
                              c:/nxp/lpcxpresso_8.2.2_650/lpcxpresso/tools/bin/../lib/gcc/arm-none-eabi/5.4.1/../../../../arm-none-eabi/lib/armv7-m\libcr_c.a(__fillbuf.o) (_fflush)
c:/nxp/lpcxpresso_8.2.2_650/lpcxpresso/tools/bin/../lib/gcc/arm-none-eabi/5.4.1/../../../../arm-none-eabi/lib/armv7-m\libcr_c.a(_frexpl.o)
                              c:/nxp/lpcxpresso_8.2.2_650/lpcxpresso/tools/bin/../lib/gcc/arm-none-eabi/5.4.1/../../../../arm-none-eabi/lib/armv7-m\libcr_c.a(fpprintf.o) (_frexpl)
c:/nxp/lpcxpresso_8.2.2_650/lpcxpresso/tools/bin/../lib/gcc/arm-none-eabi/5.4.1/../../../../arm-none-eabi/lib/armv7-m\libcr_c.a(_ldexpl.o)
                              c:/nxp/lpcxpresso_8.2.2_650/lpcxpresso/tools/bin/../lib/gcc/arm-none-eabi/5.4.1/../../../../arm-none-eabi/lib/armv7-m\libcr_c.a(fpprintf.o) (_ldexpl)
c:/nxp/lpcxpresso_8.2.2_650/lpcxpresso/tools/bin/../lib/gcc/arm-none-eabi/5.4.1/../../../../arm-none-eabi/lib/armv7-m\libcr_c.a(_writebuf.o)
                              c:/nxp/lpcxpresso_8.2.2_650/lpcxpresso/tools/bin/../lib/gcc/arm-none-eabi/5.4.1/../../../../arm-none-eabi/lib/armv7-m\libcr_c.a(_deferredlazyseek.o) (_Cwritebuf)
c:/nxp/lpcxpresso_8.2.2_650/lpcxpresso/tools/bin/../lib/gcc/arm-none-eabi/5.4.1/../../../../arm-none-eabi/lib/armv7-m\libcr_c.a(errno.o)
                              c:/nxp/lpcxpresso_8.2.2_650/lpcxpresso/tools/bin/../lib/gcc/arm-none-eabi/5.4.1/../../../../arm-none-eabi/lib/armv7-m\libcr_c.a(_cr_sbrk.o) (errno)
[...]
Memory Configuration

Name             Origin             Length             Attributes
MFlash512        0x00000000         0x00080000         xr
RamLoc32         0x10000000         0x00008000         xrw
RamAHB32         0x2007c000         0x00008000         xrw
*default*        0x00000000         0xffffffff

Linker script and memory map

LOAD ./src/Proyecto.o
LOAD ./src/cr_startup_lpc175x_6x.o
LOAD ./src/crp.o
LOAD ./lpc_chip_175x_6x/src/adc_17xx_40xx.o
LOAD ./lpc_chip_175x_6x/src/can_17xx_40xx.o
LOAD ./lpc_chip_175x_6x/src/chip_17xx_40xx.o
LOAD ./lpc_chip_175x_6x/src/clock_17xx_40xx.o
LOAD ./lpc_chip_175x_6x/src/cmp_17xx_40xx.o
LOAD ./lpc_chip_175x_6x/src/crc_17xx_40xx.o
LOAD ./lpc_chip_175x_6x/src/dac_17xx_40xx.o
LOAD ./lpc_chip_175x_6x/src/eeprom_17xx_40xx.o
LOAD ./lpc_chip_175x_6x/src/emc_17xx_40xx.o
LOAD ./lpc_chip_175x_6x/src/enet_17xx_40xx.o
LOAD ./lpc_chip_175x_6x/src/gpdma_17xx_40xx.o
LOAD ./lpc_chip_175x_6x/src/gpio_17xx_40xx.o
LOAD ./lpc_chip_175x_6x/src/gpioint_17xx_40xx.o
LOAD ./lpc_chip_175x_6x/src/i2c_17xx_40xx.o
LOAD ./lpc_chip_175x_6x/src/i2s_17xx_40xx.o
LOAD ./lpc_chip_175x_6x/src/iap.o
LOAD ./lpc_chip_175x_6x/src/iocon_17xx_40xx.o
LOAD ./lpc_chip_175x_6x/src/lcd_17xx_40xx.o
LOAD ./lpc_chip_175x_6x/src/pmu_17xx_40xx.o
LOAD ./lpc_chip_175x_6x/src/ring_buffer.o
LOAD ./lpc_chip_175x_6x/src/ritimer_17xx_40xx.o
LOAD ./lpc_chip_175x_6x/src/rtc_17xx_40xx.o
LOAD ./lpc_chip_175x_6x/src/sdc_17xx_40xx.o
LOAD ./lpc_chip_175x_6x/src/sdmmc_17xx_40xx.o
LOAD ./lpc_chip_175x_6x/src/spi_17xx_40xx.o
LOAD ./lpc_chip_175x_6x/src/ssp_17xx_40xx.o
LOAD ./lpc_chip_175x_6x/src/stopwatch_17xx_40xx.o
LOAD ./lpc_chip_175x_6x/src/sysctl_17xx_40xx.o
LOAD ./lpc_chip_175x_6x/src/sysinit_17xx_40xx.o
LOAD ./lpc_chip_175x_6x/src/timer_17xx_40xx.o
LOAD ./lpc_chip_175x_6x/src/uart_17xx_40xx.o
LOAD ./lpc_chip_175x_6x/src/wwdt_17xx_40xx.o
LOAD ./lpc_board_nxp_lpcxpresso_1769/src/board.o
LOAD ./lpc_board_nxp_lpcxpresso_1769/src/board_sysinit.o
LOAD ./lpc_board_nxp_lpcxpresso_1769/src/lpc_phy_smsc87x0.o
LOAD ./gen/Parcial.o
LOAD ./freertos/src/FreeRTOSCommonHooks.o
LOAD ./freertos/src/heap_3.o
LOAD ./freertos/src/list.o
LOAD ./freertos/src/port.o
LOAD ./freertos/src/queue.o
LOAD ./freertos/src/tasks.o
LOAD ./Drivers_info2/FW_GPIO.o
LOAD ./Drivers_info2/FW_KitInit.o
START GROUP
LOAD c:/nxp/lpcxpresso_8.2.2_650/lpcxpresso/tools/bin/../lib/gcc/arm-none-eabi/5.4.1/../../../../arm-none-eabi/lib/armv7-m\libcr_c.a
LOAD c:/nxp/lpcxpresso_8.2.2_650/lpcxpresso/tools/bin/../lib/gcc/arm-none-eabi/5.4.1/armv7-m\libcr_eabihelpers.a
END GROUP
                0x00000000                __base_MFlash512 = 0x0
                0x00000000                __base_Flash = 0x0
                0x00080000                __top_MFlash512 = 0x80000
                0x00080000                __top_Flash = 0x80000
                0x10000000                __base_RamLoc32 = 0x10000000
                0x10000000                __base_RAM = 0x10000000
                0x10008000                __top_RamLoc32 = 0x10008000
                0x10008000                __top_RAM = 0x10008000
                0x2007c000                __base_RamAHB32 = 0x2007c000
                0x2007c000                __base_RAM2 = 0x2007c000
                0x20084000                __top_RamAHB32 = 0x20084000
                0x20084000                __top_RAM2 = 0x20084000

.text           0x00000000     0x2e7c
 FILL mask 0xff
                0x00000000                __vectors_start__ = ABSOLUTE (.)
 *(.isr_vector)
 .isr_vector    0x00000000       0xcc ./src/cr_startup_lpc175x_6x.o
                0x00000000                g_pfnVectors
                0x000000cc                . = ALIGN (0x4)
                0x000000cc                __section_table_start = .
                0x000000cc                __data_section_table = .
                0x000000cc        0x4 LONG 0x2e7c LOADADDR (.data)
                0x000000d0        0x4 LONG 0x10000000 ADDR (.data)
                0x000000d4        0x4 LONG 0x8 SIZEOF (.data)
                0x000000d8        0x4 LONG 0x2e7c LOADADDR (.data_RAM2)
                0x000000dc        0x4 LONG 0x2007c000 ADDR (.data_RAM2)
                0x000000e0        0x4 LONG 0x0 SIZEOF (.data_RAM2)
                0x000000e4                __data_section_table_end = .
                0x000000e4                __bss_section_table = .
                0x000000e4        0x4 LONG 0x10000008 ADDR (.bss)
                0x000000e8        0x4 LONG 0x198 SIZEOF (.bss)
                0x000000ec        0x4 LONG 0x2007c000 ADDR (.bss_RAM2)
                0x000000f0        0x4 LONG 0x0 SIZEOF (.bss_RAM2)
                0x000000f4                __bss_section_table_end = .
                0x000000f4                __section_table_end = .
 *(.after_vectors*)
 .after_vectors
                0x000000f4      0x140 ./src/cr_startup_lpc175x_6x.o
                0x000000f4                data_init
                0x00000138                bss_init
                0x00000170                ResetISR
                0x000001e4                NMI_Handler
                0x000001ec                HardFault_Handler
                0x000001f4                MemManage_Handler
                0x000001fc                BusFault_Handler
                0x00000204                UsageFault_Handler
                0x00000214                DebugMon_Handler
                0x0000022c                EINT3_IRQHandler
                0x0000022c                I2C1_IRQHandler
                0x0000022c                TIMER3_IRQHandler
                0x0000022c                UART0_IRQHandler
                0x0000022c                USBActivity_IRQHandler
                0x0000022c                CANActivity_IRQHandler
                0x0000022c                UART1_IRQHandler
                0x0000022c                IntDefaultHandler
                0x0000022c                PLL0_IRQHandler
                0x0000022c                I2C0_IRQHandler
                0x0000022c                PLL1_IRQHandler
                0x0000022c                SSP0_IRQHandler
                0x0000022c                I2S_IRQHandler
                0x0000022c                I2C2_IRQHandler
                0x0000022c                RTC_IRQHandler
                0x0000022c                TIMER0_IRQHandler
                0x0000022c                SPI_IRQHandler
                0x0000022c                RIT_IRQHandler
                0x0000022c                TIMER1_IRQHandler
                0x0000022c                UART2_IRQHandler
                0x0000022c                ADC_IRQHandler
                0x0000022c                SSP1_IRQHandler
                0x0000022c                USB_IRQHandler
                0x0000022c                BOD_IRQHandler
                0x0000022c                PWM1_IRQHandler
                0x0000022c                WDT_IRQHandler
                0x0000022c                QEI_IRQHandler
                0x0000022c                CAN_IRQHandler
                0x0000022c                DMA_IRQHandler
                0x0000022c                TIMER2_IRQHandler
                0x0000022c                UART3_IRQHandler
                0x0000022c                MCPWM_IRQHandler
                0x0000022c                ENET_IRQHandler
                0x000002fc                . = 0x2fc
 *fill*         0x00000234       0xc8 ff
                0x000002fc                PROVIDE (__CRP_WORD_START__, .)
 *(.crp)
 .crp           0x000002fc        0x4 ./src/crp.o
                0x000002fc                CRP_WORD
                0x00000300                PROVIDE (__CRP_WORD_END__, .)
                0x00000001                ASSERT (! ((__CRP_WORD_START__ == __CRP_WORD_END__)), Linker CRP Enabled, but no CRP_WORD provided within application)
 *(.text*)
 .text.mandar_tiempo
                0x00000300       0x74 ./src/Proyecto.o
 .text.analisis_PUERTAS
                0x00000374       0x74 ./src/Proyecto.o
 .text.analisis_ALARMA
                0x000003e8       0x34 ./src/Proyecto.o
 .text.iniciar_todo
                0x0000041c       0x8c ./src/Proyecto.o
 .text.vApplicationTickHook
                0x000004a8       0x54 ./src/Proyecto.o
                0x000004a8                vApplicationTickHook
 .text.initHardware
                0x000004fc       0x9c ./src/Proyecto.o
 .text.parcialIface_luz_puerta1
                0x00000598       0x30 ./src/Proyecto.o
                0x00000598                parcialIface_luz_puerta1
 .text.parcialIface_luz_puerta2
                0x000005c8       0x30 ./src/Proyecto.o
                0x000005c8                parcialIface_luz_puerta2
 .text.parcialIface_traba_puertas
                0x000005f8       0x30 ./src/Proyecto.o
                0x000005f8                parcialIface_traba_puertas
 .text.init_interupcion_teclado
                0x00000628       0x6c ./src/Proyecto.o
                0x00000628                init_interupcion_teclado
 .text.cambio_flanco
                0x00000694       0x54 ./src/Proyecto.o
                0x00000694                cambio_flanco
 .text.EINT0_IRQHandler
                0x000006e8       0xa4 ./src/Proyecto.o
                0x000006e8                EINT0_IRQHandler
 .text.EINT1_IRQHandler
                0x0000078c       0xa4 ./src/Proyecto.o
                0x0000078c                EINT1_IRQHandler
 .text.EINT2_IRQHandler
                0x00000830       0x50 ./src/Proyecto.o
                0x00000830                EINT2_IRQHandler
 .text.main     0x00000880       0x9c ./src/Proyecto.o
                0x00000880                main
 .text.SystemCoreClockUpdate
                0x0000091c       0x18 ./lpc_chip_175x_6x/src/chip_17xx_40xx.o
                0x0000091c                SystemCoreClockUpdate
 .text.Chip_Clock_IsMainPLLEnabled
                0x00000934       0x24 ./lpc_chip_175x_6x/src/clock_17xx_40xx.o
 .text.Chip_Clock_IsMainPLLConnected
                0x00000958       0x24 ./lpc_chip_175x_6x/src/clock_17xx_40xx.o
 .text.Chip_Clock_GetMainPLLSource
                0x0000097c       0x20 ./lpc_chip_175x_6x/src/clock_17xx_40xx.o
 .text.Chip_Clock_GetMainOscRate
                0x0000099c       0x14 ./lpc_chip_175x_6x/src/clock_17xx_40xx.o
 .text.Chip_Clock_GetIntOscRate
                0x000009b0       0x14 ./lpc_chip_175x_6x/src/clock_17xx_40xx.o
 .text.Chip_Clock_GetRTCOscRate
                0x000009c4       0x14 ./lpc_chip_175x_6x/src/clock_17xx_40xx.o
 .text.Chip_Clock_GetMainPLLInClockRate
                0x000009d8       0x10 ./lpc_chip_175x_6x/src/clock_17xx_40xx.o
 .text.Chip_Clock_GetCPUClockSource
                0x000009e8       0x24 ./lpc_chip_175x_6x/src/clock_17xx_40xx.o
                0x000009e8                Chip_Clock_GetCPUClockSource
 .text.Chip_Clock_GetCPUClockDiv
                0x00000a0c       0x1c ./lpc_chip_175x_6x/src/clock_17xx_40xx.o
                0x00000a0c                Chip_Clock_GetCPUClockDiv
 .text.Chip_Clock_GetSYSCLKRate
                0x00000a28       0x34 ./lpc_chip_175x_6x/src/clock_17xx_40xx.o
                0x00000a28                Chip_Clock_GetSYSCLKRate
 .text.Chip_Clock_GetMainPLLOutClockRate
                0x00000a5c       0x54 ./lpc_chip_175x_6x/src/clock_17xx_40xx.o
                0x00000a5c                Chip_Clock_GetMainPLLOutClockRate
 .text.Chip_Clock_GetMainClockRate
                0x00000ab0       0x28 ./lpc_chip_175x_6x/src/clock_17xx_40xx.o
                0x00000ab0                Chip_Clock_GetMainClockRate
 .text.Chip_Clock_GetSystemClockRate
                0x00000ad8       0x18 ./lpc_chip_175x_6x/src/clock_17xx_40xx.o
                0x00000ad8                Chip_Clock_GetSystemClockRate
 .text.parcial_init
                0x00000af0       0x54 ./gen/Parcial.o
                0x00000af0                parcial_init
 .text.parcial_enter
                0x00000b44       0x1c ./gen/Parcial.o
                0x00000b44                parcial_enter
 .text.clearInEvents
                0x00000b60       0x30 ./gen/Parcial.o
 .text.clearOutEvents
                0x00000b90       0x14 ./gen/Parcial.o
 .text.parcial_runCycle
                0x00000ba4       0xc8 ./gen/Parcial.o
                0x00000ba4                parcial_runCycle
 .text.parcialIface_raise_s_puerta_1_abrio
                0x00000c6c       0x18 ./gen/Parcial.o
                0x00000c6c                parcialIface_raise_s_puerta_1_abrio
 .text.parcialIface_raise_s_puerta_2_abrio
                0x00000c84       0x18 ./gen/Parcial.o
                0x00000c84                parcialIface_raise_s_puerta_2_abrio
 .text.parcialIface_raise_s_puerta_1_cerro
                0x00000c9c       0x18 ./gen/Parcial.o
                0x00000c9c                parcialIface_raise_s_puerta_1_cerro
 .text.parcialIface_raise_s_puerta_2_cerro
                0x00000cb4       0x18 ./gen/Parcial.o
                0x00000cb4                parcialIface_raise_s_puerta_2_cerro
 .text.parcialIface_raise_s_emergencia
                0x00000ccc       0x18 ./gen/Parcial.o
                0x00000ccc                parcialIface_raise_s_emergencia
 .text.parcialIface_get_tiempo_alarma
                0x00000ce4       0x18 ./gen/Parcial.o
                0x00000ce4                parcialIface_get_tiempo_alarma
 .text.parcialIface_set_tiempo_alarma
                0x00000cfc       0x1c ./gen/Parcial.o
                0x00000cfc                parcialIface_set_tiempo_alarma
 .text.parcialIface_get_tiempo
                0x00000d18       0x18 ./gen/Parcial.o
                0x00000d18                parcialIface_get_tiempo
 .text.parcialIface_set_tiempo
                0x00000d30       0x1c ./gen/Parcial.o
                0x00000d30                parcialIface_set_tiempo
 .text.check_maquinaa_inicio_tr0_tr0
                0x00000d4c       0x18 ./gen/Parcial.o
 .text.check_maquinaa_inicio_tr1_tr1
                0x00000d64       0x18 ./gen/Parcial.o
 .text.check_maquinaa_entrar1_tr0_tr0
                0x00000d7c       0x30 ./gen/Parcial.o
 .text.check_maquinaa_salir1_tr0_tr0
                0x00000dac       0x30 ./gen/Parcial.o
 .text.check_maquinaa_entrar2_tr0_tr0
                0x00000ddc       0x30 ./gen/Parcial.o
 .text.check_maquinaa_salir2_tr0_tr0
                0x00000e0c       0x30 ./gen/Parcial.o
 .text.check_maquinaa_INTERMEDIO_tr0_tr0
                0x00000e3c       0x30 ./gen/Parcial.o
 .text.check_maquinaa_intermedio_2_tr0_tr0
                0x00000e6c       0x30 ./gen/Parcial.o
 .text.check_alarma__inicio_tr0_tr0
                0x00000e9c       0x18 ./gen/Parcial.o
 .text.check_alarma__sonar_tr0_tr0
                0x00000eb4       0x20 ./gen/Parcial.o
 .text.check_alarma__tiempo_out_tr0_tr0
                0x00000ed4       0x20 ./gen/Parcial.o
 .text.effect_maquinaa_inicio_tr0
                0x00000ef4       0x1c ./gen/Parcial.o
 .text.effect_maquinaa_inicio_tr1
                0x00000f10       0x1c ./gen/Parcial.o
 .text.effect_maquinaa_entrar1_tr0
                0x00000f2c       0x3c ./gen/Parcial.o
 .text.effect_maquinaa_salir1_tr0
                0x00000f68       0x24 ./gen/Parcial.o
 .text.effect_maquinaa_entrar2_tr0
                0x00000f8c       0x3c ./gen/Parcial.o
 .text.effect_maquinaa_salir2_tr0
                0x00000fc8       0x24 ./gen/Parcial.o
 .text.effect_maquinaa_INTERMEDIO_tr0
                0x00000fec       0x38 ./gen/Parcial.o
 .text.effect_maquinaa_intermedio_2_tr0
                0x00001024       0x38 ./gen/Parcial.o
 .text.effect_alarma__inicio_tr0
                0x0000105c       0x34 ./gen/Parcial.o
 .text.effect_alarma__sonar_tr0
                0x00001090       0x38 ./gen/Parcial.o
 .text.effect_alarma__tiempo_out_tr0
                0x000010c8       0x38 ./gen/Parcial.o
 .text.enact_maquinaa_inicio
                0x00001100       0x30 ./gen/Parcial.o
 .text.enseq_maquinaa_inicio_default
                0x00001130       0x24 ./gen/Parcial.o
 .text.enseq_maquinaa_entrar1_default
                0x00001154       0x20 ./gen/Parcial.o
 .text.enseq_maquinaa_salir1_default
                0x00001174       0x20 ./gen/Parcial.o
 .text.enseq_maquinaa_entrar2_default
                0x00001194       0x20 ./gen/Parcial.o
 .text.enseq_maquinaa_salir2_default
                0x000011b4       0x20 ./gen/Parcial.o
 .text.enseq_maquinaa_INTERMEDIO_default
                0x000011d4       0x20 ./gen/Parcial.o
 .text.enseq_maquinaa_intermedio_2_default
                0x000011f4       0x20 ./gen/Parcial.o
 .text.enseq_alarma__inicio_default
                0x00001214       0x20 ./gen/Parcial.o
 .text.enseq_alarma__sonar_default
                0x00001234       0x20 ./gen/Parcial.o
 .text.enseq_alarma__tiempo_out_default
                0x00001254       0x20 ./gen/Parcial.o
 .text.enseq_maquinaa_default
                0x00001274       0x18 ./gen/Parcial.o
 .text.enseq_alarma__default
                0x0000128c       0x18 ./gen/Parcial.o
 .text.exseq_maquinaa_inicio
                0x000012a4       0x20 ./gen/Parcial.o
 .text.exseq_maquinaa_entrar1
                0x000012c4       0x20 ./gen/Parcial.o
 .text.exseq_maquinaa_salir1
                0x000012e4       0x20 ./gen/Parcial.o
 .text.exseq_maquinaa_entrar2
                0x00001304       0x20 ./gen/Parcial.o
 .text.exseq_maquinaa_salir2
                0x00001324       0x20 ./gen/Parcial.o
 .text.exseq_maquinaa_INTERMEDIO
                0x00001344       0x20 ./gen/Parcial.o
 .text.exseq_maquinaa_intermedio_2
                0x00001364       0x20 ./gen/Parcial.o
 .text.exseq_alarma__inicio
                0x00001384       0x20 ./gen/Parcial.o
 .text.exseq_alarma__sonar
                0x000013a4       0x20 ./gen/Parcial.o
 .text.exseq_alarma__tiempo_out
                0x000013c4       0x20 ./gen/Parcial.o
 .text.react_maquinaa_inicio
                0x000013e4       0x38 ./gen/Parcial.o
 .text.react_maquinaa_entrar1
                0x0000141c       0x24 ./gen/Parcial.o
 .text.react_maquinaa_salir1
                0x00001440       0x24 ./gen/Parcial.o
 .text.react_maquinaa_entrar2
                0x00001464       0x24 ./gen/Parcial.o
 .text.react_maquinaa_salir2
                0x00001488       0x24 ./gen/Parcial.o
 .text.react_maquinaa_INTERMEDIO
                0x000014ac       0x24 ./gen/Parcial.o
 .text.react_maquinaa_intermedio_2
                0x000014d0       0x24 ./gen/Parcial.o
 .text.react_alarma__inicio
                0x000014f4       0x24 ./gen/Parcial.o
 .text.react_alarma__sonar
                0x00001518       0x24 ./gen/Parcial.o
 .text.react_alarma__tiempo_out
                0x0000153c       0x24 ./gen/Parcial.o
 .text.react_maquinaa__entry_Default
                0x00001560       0x18 ./gen/Parcial.o
 .text.react_alarma___entry_Default
                0x00001578       0x1c ./gen/Parcial.o
 .text.vApplicationIdleHook
                0x00001594       0x10 ./freertos/src/FreeRTOSCommonHooks.o
                0x00001594                vApplicationIdleHook
 .text.pvPortMalloc
                0x000015a4       0x24 ./freertos/src/heap_3.o
                0x000015a4                pvPortMalloc
 .text.vPortFree
                0x000015c8       0x24 ./freertos/src/heap_3.o
                0x000015c8                vPortFree
 .text.vListInitialise
                0x000015ec       0x40 ./freertos/src/list.o
                0x000015ec                vListInitialise
 .text.vListInitialiseItem
                0x0000162c       0x18 ./freertos/src/list.o
                0x0000162c                vListInitialiseItem
 .text.vListInsertEnd
                0x00001644       0x48 ./freertos/src/list.o
                0x00001644                vListInsertEnd
 .text.vListInsert
                0x0000168c       0x70 ./freertos/src/list.o
                0x0000168c                vListInsert
 .text.uxListRemove
                0x000016fc       0x54 ./freertos/src/list.o
                0x000016fc                uxListRemove
 .text.pxPortInitialiseStack
                0x00001750       0x54 ./freertos/src/port.o
                0x00001750                pxPortInitialiseStack
 .text.prvTaskExitError
                0x000017a4        0xc ./freertos/src/port.o
 .text.SVC_Handler
                0x000017b0       0x24 ./freertos/src/port.o
                0x000017b0                SVC_Handler
 .text.prvPortStartFirstTask
                0x000017d4       0x18 ./freertos/src/port.o
 .text.xPortStartScheduler
                0x000017ec       0x38 ./freertos/src/port.o
                0x000017ec                xPortStartScheduler
 .text.vPortYield
                0x00001824       0x20 ./freertos/src/port.o
                0x00001824                vPortYield
 .text.vPortEnterCritical
                0x00001844       0x24 ./freertos/src/port.o
                0x00001844                vPortEnterCritical
 .text.vPortExitCritical
                0x00001868       0x24 ./freertos/src/port.o
                0x00001868                vPortExitCritical
 .text.ulPortSetInterruptMask
                0x0000188c       0x14 ./freertos/src/port.o
                0x0000188c                ulPortSetInterruptMask
 .text.vPortClearInterruptMask
                0x000018a0        0x8 ./freertos/src/port.o
                0x000018a0                vPortClearInterruptMask
 .text.PendSV_Handler
                0x000018a8       0x40 ./freertos/src/port.o
                0x000018a8                PendSV_Handler
 .text.SysTick_Handler
                0x000018e8       0x28 ./freertos/src/port.o
                0x000018e8                SysTick_Handler
 .text.vPortSetupTimerInterrupt
                0x00001910       0x34 ./freertos/src/port.o
                0x00001910                vPortSetupTimerInterrupt
 .text.xQueueGenericReset
                0x00001944       0xa4 ./freertos/src/queue.o
                0x00001944                xQueueGenericReset
 .text.xQueueGenericCreate
                0x000019e8       0x78 ./freertos/src/queue.o
                0x000019e8                xQueueGenericCreate
 .text.xQueueCreateCountingSemaphore
                0x00001a60       0x2c ./freertos/src/queue.o
                0x00001a60                xQueueCreateCountingSemaphore
 .text.xQueueGenericSend
                0x00001a8c      0x110 ./freertos/src/queue.o
                0x00001a8c                xQueueGenericSend
 .text.xQueueGenericSendFromISR
                0x00001b9c       0x88 ./freertos/src/queue.o
                0x00001b9c                xQueueGenericSendFromISR
 .text.xQueueGenericReceive
                0x00001c24      0x16c ./freertos/src/queue.o
                0x00001c24                xQueueGenericReceive
 .text.prvCopyDataToQueue
                0x00001d90       0xd0 ./freertos/src/queue.o
 .text.prvCopyDataFromQueue
                0x00001e60       0x4c ./freertos/src/queue.o
 .text.prvUnlockQueue
                0x00001eac       0x98 ./freertos/src/queue.o
 .text.prvIsQueueEmpty
                0x00001f44       0x2c ./freertos/src/queue.o
 .text.prvIsQueueFull
                0x00001f70       0x30 ./freertos/src/queue.o
 .text.xTaskGenericCreate
                0x00001fa0      0x140 ./freertos/src/tasks.o
                0x00001fa0                xTaskGenericCreate
 .text.vTaskDelete
                0x000020e0       0x90 ./freertos/src/tasks.o
                0x000020e0                vTaskDelete
 .text.vTaskStartScheduler
                0x00002170       0x58 ./freertos/src/tasks.o
                0x00002170                vTaskStartScheduler
 .text.vTaskSuspendAll
                0x000021c8       0x1c ./freertos/src/tasks.o
                0x000021c8                vTaskSuspendAll
 .text.xTaskResumeAll
                0x000021e4       0xfc ./freertos/src/tasks.o
                0x000021e4                xTaskResumeAll
 .text.xTaskIncrementTick
                0x000022e0      0x19c ./freertos/src/tasks.o
                0x000022e0                xTaskIncrementTick
 .text.vTaskSwitchContext
                0x0000247c       0x98 ./freertos/src/tasks.o
                0x0000247c                vTaskSwitchContext
 .text.vTaskPlaceOnEventList
                0x00002514       0x60 ./freertos/src/tasks.o
                0x00002514                vTaskPlaceOnEventList
 .text.xTaskRemoveFromEventList
                0x00002574       0xac ./freertos/src/tasks.o
                0x00002574                xTaskRemoveFromEventList
 .text.vTaskSetTimeOutState
                0x00002620       0x2c ./freertos/src/tasks.o
                0x00002620                vTaskSetTimeOutState
 .text.xTaskCheckForTimeOut
                0x0000264c       0x88 ./freertos/src/tasks.o
                0x0000264c                xTaskCheckForTimeOut
 .text.vTaskMissedYield
                0x000026d4       0x18 ./freertos/src/tasks.o
                0x000026d4                vTaskMissedYield
 .text.prvIdleTask
                0x000026ec       0x24 ./freertos/src/tasks.o
 .text.prvInitialiseTCBVariables
                0x00002710       0x98 ./freertos/src/tasks.o
 .text.prvInitialiseTaskLists
                0x000027a8       0x80 ./freertos/src/tasks.o
 .text.prvCheckTasksWaitingTermination
                0x00002828       0x78 ./freertos/src/tasks.o
 .text.prvAddCurrentTaskToDelayedList
                0x000028a0       0x6c ./freertos/src/tasks.o
 .text.prvAllocateTCBAndStack
                0x0000290c       0x64 ./freertos/src/tasks.o
 .text.prvDeleteTCB
                0x00002970       0x20 ./freertos/src/tasks.o
 .text.xTaskGetCurrentTaskHandle
                0x00002990       0x1c ./freertos/src/tasks.o
                0x00002990                xTaskGetCurrentTaskHandle
 .text.vTaskPriorityInherit
                0x000029ac       0xb4 ./freertos/src/tasks.o
                0x000029ac                vTaskPriorityInherit
 .text.vTaskPriorityDisinherit
                0x00002a60       0x7c ./freertos/src/tasks.o
                0x00002a60                vTaskPriorityDisinherit
 .text.SetPINSEL
                0x00002adc       0x88 ./Drivers_info2/FW_GPIO.o
                0x00002adc                SetPINSEL
 .text.SetDIR   0x00002b64       0x74 ./Drivers_info2/FW_GPIO.o
                0x00002b64                SetDIR
 .text.SetPIN   0x00002bd8       0x70 ./Drivers_info2/FW_GPIO.o
                0x00002bd8                SetPIN
 .text.GetPIN   0x00002c48       0x38 ./Drivers_info2/FW_GPIO.o
                0x00002c48                GetPIN
 .text.memcpy   0x00002c80        0x4 c:/nxp/lpcxpresso_8.2.2_650/lpcxpresso/tools/bin/../lib/gcc/arm-none-eabi/5.4.1/../../../../arm-none-eabi/lib/armv7-m\libcr_c.a(memcpy.o)
                0x00002c80                memcpy
 .text.memset   0x00002c84        0x4 c:/nxp/lpcxpresso_8.2.2_650/lpcxpresso/tools/bin/../lib/gcc/arm-none-eabi/5.4.1/../../../../arm-none-eabi/lib/armv7-m\libcr_c.a(memset.o)
                0x00002c84                memset
 .text.__weak_main
                0x00002c88        0x4 c:/nxp/lpcxpresso_8.2.2_650/lpcxpresso/tools/bin/../lib/gcc/arm-none-eabi/5.4.1/../../../../arm-none-eabi/lib/armv7-m\libcr_c.a(__weak__main.o)
                0x00002c88                __weak_main
                0x00002c88                __main
 .text.malloc   0x00002c8c       0xc8 c:/nxp/lpcxpresso_8.2.2_650/lpcxpresso/tools/bin/../lib/gcc/arm-none-eabi/5.4.1/../../../../arm-none-eabi/lib/armv7-m\libcr_c.a(alloc.o)
                0x00002c8c                malloc
 .text.free     0x00002d54       0x30 c:/nxp/lpcxpresso_8.2.2_650/lpcxpresso/tools/bin/../lib/gcc/arm-none-eabi/5.4.1/../../../../arm-none-eabi/lib/armv7-m\libcr_c.a(alloc.o)
                0x00002d54                free
 .text._sbrk    0x00002d84       0x40 c:/nxp/lpcxpresso_8.2.2_650/lpcxpresso/tools/bin/../lib/gcc/arm-none-eabi/5.4.1/../../../../arm-none-eabi/lib/armv7-m\libcr_c.a(_cr_sbrk.o)
                0x00002d84                _sbrk
 .text.__check_heap_overflow
                0x00002dc4       0x18 c:/nxp/lpcxpresso_8.2.2_650/lpcxpresso/tools/bin/../lib/gcc/arm-none-eabi/5.4.1/../../../../arm-none-eabi/lib/armv7-m\libcr_c.a(_cr_check_heap.o)
                0x00002dc4                __check_heap_overflow
 .text.__aeabi_memcpy
                0x00002ddc       0x34 c:/nxp/lpcxpresso_8.2.2_650/lpcxpresso/tools/bin/../lib/gcc/arm-none-eabi/5.4.1/armv7-m\libcr_eabihelpers.a(memcpy.o)
                0x00002ddc                __aeabi_memcpy
                0x00002de6                __aeabi_memcpy8
                0x00002de6                __aeabi_memcpy4
 .text.__aeabi_memset_lowlevel
                0x00002e10       0x32 c:/nxp/lpcxpresso_8.2.2_650/lpcxpresso/tools/bin/../lib/gcc/arm-none-eabi/5.4.1/armv7-m\libcr_eabihelpers.a(memcpy.o)
                0x00002e10                __aeabi_lowlevel_memset
 *(.rodata .rodata.* .constdata .constdata.*)
 *fill*         0x00002e42        0x2 ff
 .rodata        0x00002e44       0x25 ./src/Proyecto.o
 *fill*         0x00002e69        0x3 ff
 .rodata.OscRateIn
                0x00002e6c        0x4 ./lpc_board_nxp_lpcxpresso_1769/src/board.o
                0x00002e6c                OscRateIn
 .rodata.RTCOscRateIn
                0x00002e70        0x4 ./lpc_board_nxp_lpcxpresso_1769/src/board.o
                0x00002e70                RTCOscRateIn
 .rodata        0x00002e74        0x5 ./freertos/src/tasks.o
                0x00002e7c                . = ALIGN (0x4)
 *fill*         0x00002e79        0x3 ff

.glue_7         0x00002e7c        0x0
 .glue_7        0x00002e7c        0x0 linker stubs

.glue_7t        0x00002e7c        0x0
 .glue_7t       0x00002e7c        0x0 linker stubs

.vfp11_veneer   0x00002e7c        0x0
 .vfp11_veneer  0x00002e7c        0x0 linker stubs

.v4_bx          0x00002e7c        0x0
 .v4_bx         0x00002e7c        0x0 linker stubs

.iplt           0x00002e7c        0x0
 .iplt          0x00002e7c        0x0 ./src/Proyecto.o

.rel.dyn        0x00002e7c        0x0
 .rel.iplt      0x00002e7c        0x0 ./src/Proyecto.o

.ARM.extab
 *(.ARM.extab* .gnu.linkonce.armextab.*)
                0x00002e7c                __exidx_start = .

.ARM.exidx
 *(.ARM.exidx* .gnu.linkonce.armexidx.*)
                0x00002e7c                __exidx_end = .
                0x00002e7c                _etext = .

.data_RAM2      0x2007c000        0x0 load address 0x00002e7c
 FILL mask 0xff
                [!provide]                PROVIDE (__start_data_RAM2, .)
 *(.ramfunc.$RAM2)
 *(.ramfunc.$RamAHB32)
 *(.data.$RAM2*)
 *(.data.$RamAHB32*)
                0x2007c000                . = ALIGN (0x4)
                [!provide]                PROVIDE (__end_data_RAM2, .)

.uninit_RESERVED
                0x10000000        0x0
 *(.bss.$RESERVED*)
                0x10000000                . = ALIGN (0x4)
                0x10000000                _end_uninit_RESERVED = .

.data           0x10000000        0x8 load address 0x00002e7c
 FILL mask 0xff
                0x10000000                _data = .
 *(vtable)
 *(.ramfunc*)
 *(.data*)
 .data.uxCriticalNesting
                0x10000000        0x4 ./freertos/src/port.o
 .data.xNextTaskUnblockTime
                0x10000004        0x4 ./freertos/src/tasks.o
                0x10000008                . = ALIGN (0x4)
                0x10000008                _edata = .

.igot.plt       0x10000008        0x0 load address 0x00002e84
 .igot.plt      0x10000008        0x0 ./src/Proyecto.o

.bss_RAM2       0x2007c000        0x0
                [!provide]                PROVIDE (__start_bss_RAM2, .)
 *(.bss.$RAM2*)
 *(.bss.$RamAHB32*)
                0x2007c000                . = ALIGN ((. != 0x0)?0x4:0x1)
                [!provide]                PROVIDE (__end_bss_RAM2, .)

.bss            0x10000008      0x198
                0x10000008                _bss = .
 *(.bss*)
 .bss.xcola_ok  0x10000008        0x4 ./src/Proyecto.o
 .bss.semaforo_alarma
                0x1000000c        0x4 ./src/Proyecto.o
 .bss.semaforo_contador
                0x10000010        0x4 ./src/Proyecto.o
 .bss.maquina   0x10000014       0x1c ./src/Proyecto.o
 .bss.parametro
                0x10000030        0x4 ./src/Proyecto.o
                0x10000030                parametro
 .bss.TIEMPO_ALARMA.7891
                0x10000034        0x4 ./src/Proyecto.o
 .bss.TIEMPO_PUERTAS.7892
                0x10000038        0x4 ./src/Proyecto.o
 .bss.dato.7897
                0x1000003c        0x4 ./src/Proyecto.o
 .bss.cont.7915
                0x10000040        0x4 ./src/Proyecto.o
 .bss.AA.7948   0x10000044        0x4 ./src/Proyecto.o
 .bss.var.7947  0x10000048        0x4 ./src/Proyecto.o
 .bss.BB.7953   0x1000004c        0x4 ./src/Proyecto.o
 .bss.var.7952  0x10000050        0x4 ./src/Proyecto.o
 .bss.var.7957  0x10000054        0x4 ./src/Proyecto.o
 .bss.SystemCoreClock
                0x10000058        0x4 ./lpc_chip_175x_6x/src/chip_17xx_40xx.o
                0x10000058                SystemCoreClock
 .bss.pxCurrentTCB
                0x1000005c        0x4 ./freertos/src/tasks.o
                0x1000005c                pxCurrentTCB
 .bss.pxReadyTasksLists
                0x10000060       0xa0 ./freertos/src/tasks.o
 .bss.xDelayedTaskList1
                0x10000100       0x14 ./freertos/src/tasks.o
 .bss.xDelayedTaskList2
                0x10000114       0x14 ./freertos/src/tasks.o
 .bss.pxDelayedTaskList
                0x10000128        0x4 ./freertos/src/tasks.o
 .bss.pxOverflowDelayedTaskList
                0x1000012c        0x4 ./freertos/src/tasks.o
 .bss.xPendingReadyList
                0x10000130       0x14 ./freertos/src/tasks.o
 .bss.xTasksWaitingTermination
                0x10000144       0x14 ./freertos/src/tasks.o
 .bss.uxTasksDeleted
                0x10000158        0x4 ./freertos/src/tasks.o
 .bss.xSuspendedTaskList
                0x1000015c       0x14 ./freertos/src/tasks.o
 .bss.uxCurrentNumberOfTasks
                0x10000170        0x4 ./freertos/src/tasks.o
 .bss.xTickCount
                0x10000174        0x4 ./freertos/src/tasks.o
 .bss.uxTopReadyPriority
                0x10000178        0x4 ./freertos/src/tasks.o
 .bss.xSchedulerRunning
                0x1000017c        0x4 ./freertos/src/tasks.o
 .bss.uxSchedulerSuspended
                0x10000180        0x4 ./freertos/src/tasks.o
 .bss.uxPendedTicks
                0x10000184        0x4 ./freertos/src/tasks.o
 .bss.xYieldPending
                0x10000188        0x4 ./freertos/src/tasks.o
 .bss.xNumOfOverflows
                0x1000018c        0x4 ./freertos/src/tasks.o
 .bss.uxTaskNumber
                0x10000190        0x4 ./freertos/src/tasks.o
 .bss.__heaps   0x10000194        0x4 c:/nxp/lpcxpresso_8.2.2_650/lpcxpresso/tools/bin/../lib/gcc/arm-none-eabi/5.4.1/../../../../arm-none-eabi/lib/armv7-m\libcr_c.a(__init_alloc.o)
                0x10000194                __heaps
 .bss.__end_of_heap
                0x10000198        0x4 c:/nxp/lpcxpresso_8.2.2_650/lpcxpresso/tools/bin/../lib/gcc/arm-none-eabi/5.4.1/../../../../arm-none-eabi/lib/armv7-m\libcr_c.a(__init_alloc.o)
                0x10000198                __end_of_heap
 .bss.errno     0x1000019c        0x4 c:/nxp/lpcxpresso_8.2.2_650/lpcxpresso/tools/bin/../lib/gcc/arm-none-eabi/5.4.1/../../../../arm-none-eabi/lib/armv7-m\libcr_c.a(errno.o)
                0x1000019c                errno
 *(COMMON)
                0x100001a0                . = ALIGN (0x4)
                0x100001a0                _ebss = .
                [!provide]                PROVIDE (end, .)

.noinit_RAM2    0x2007c000        0x0
 *(.noinit.$RAM2*)
 *(.noinit.$RamAHB32*)
                0x2007c000                . = ALIGN (0x4)

.noinit         0x100001a0        0x0
                0x100001a0                _noinit = .
 *(.noinit*)
                0x100001a0                . = ALIGN (0x4)
                0x100001a0                _end_noinit = .
                0x100001a0                PROVIDE (_pvHeapStart, DEFINED (__user_heap_base)?__user_heap_base:.)
                0x10008000                PROVIDE (_vStackTop, DEFINED (__user_stack_top)?__user_stack_top:(__top_RamLoc32 - 0x0))
                0xefff74c6                PROVIDE (__valid_user_code_checksum, (0x0 - ((((((_vStackTop + (ResetISR + 0x1)) + (NMI_Handler + 0x1)) + (HardFault_Handler + 0x1)) + (DEFINED (MemManage_Handler)?MemManage_Handler:0x0 + 0x1)) + (DEFINED (BusFault_Handler)?BusFault_Handler:0x0 + 0x1)) + (DEFINED (UsageFault_Handler)?UsageFault_Handler:0x0 + 0x1))))
OUTPUT(Proyecto.axf elf32-littlearm)

.debug_info     0x00000000     0x6257
 .debug_info    0x00000000      0x646 ./src/Proyecto.o
 .debug_info    0x00000646      0x253 ./src/cr_startup_lpc175x_6x.o
 .debug_info    0x00000899       0x3f ./src/crp.o
 .debug_info    0x000008d8      0x51e ./lpc_chip_175x_6x/src/chip_17xx_40xx.o
 .debug_info    0x00000df6      0xb62 ./lpc_chip_175x_6x/src/clock_17xx_40xx.o
 .debug_info    0x00001958     0x13d9 ./lpc_board_nxp_lpcxpresso_1769/src/board.o
 .debug_info    0x00002d31      0xdf4 ./gen/Parcial.o
 .debug_info    0x00003b25      0x19f ./freertos/src/FreeRTOSCommonHooks.o
 .debug_info    0x00003cc4      0x134 ./freertos/src/heap_3.o
 .debug_info    0x00003df8      0x2cf ./freertos/src/list.o
 .debug_info    0x000040c7      0x30b ./freertos/src/port.o
 .debug_info    0x000043d2      0xbd4 ./freertos/src/queue.o
 .debug_info    0x00004fa6     0x111c ./freertos/src/tasks.o
 .debug_info    0x000060c2      0x195 ./Drivers_info2/FW_GPIO.o

.debug_abbrev   0x00000000     0x159c
 .debug_abbrev  0x00000000      0x1b2 ./src/Proyecto.o
 .debug_abbrev  0x000001b2       0xf5 ./src/cr_startup_lpc175x_6x.o
 .debug_abbrev  0x000002a7       0x36 ./src/crp.o
 .debug_abbrev  0x000002dd      0x13c ./lpc_chip_175x_6x/src/chip_17xx_40xx.o
 .debug_abbrev  0x00000419      0x2ec ./lpc_chip_175x_6x/src/clock_17xx_40xx.o
 .debug_abbrev  0x00000705      0x379 ./lpc_board_nxp_lpcxpresso_1769/src/board.o
 .debug_abbrev  0x00000a7e      0x1b0 ./gen/Parcial.o
 .debug_abbrev  0x00000c2e      0x129 ./freertos/src/FreeRTOSCommonHooks.o
 .debug_abbrev  0x00000d57       0xd4 ./freertos/src/heap_3.o
 .debug_abbrev  0x00000e2b       0xec ./freertos/src/list.o
 .debug_abbrev  0x00000f17      0x1ad ./freertos/src/port.o
 .debug_abbrev  0x000010c4      0x206 ./freertos/src/queue.o
 .debug_abbrev  0x000012ca      0x246 ./freertos/src/tasks.o
 .debug_abbrev  0x00001510       0x8c ./Drivers_info2/FW_GPIO.o

.debug_aranges  0x00000000      0xa18
 .debug_aranges
                0x00000000       0x90 ./src/Proyecto.o
 .debug_aranges
                0x00000090       0x80 ./src/cr_startup_lpc175x_6x.o
 .debug_aranges
                0x00000110       0x18 ./src/crp.o
 .debug_aranges
                0x00000128       0x38 ./lpc_chip_175x_6x/src/chip_17xx_40xx.o
 .debug_aranges
                0x00000160      0x120 ./lpc_chip_175x_6x/src/clock_17xx_40xx.o
 .debug_aranges
                0x00000280      0x160 ./lpc_board_nxp_lpcxpresso_1769/src/board.o
 .debug_aranges
                0x000003e0      0x280 ./gen/Parcial.o
 .debug_aranges
                0x00000660       0x40 ./freertos/src/FreeRTOSCommonHooks.o
 .debug_aranges
                0x000006a0       0x28 ./freertos/src/heap_3.o
 .debug_aranges
                0x000006c8       0x40 ./freertos/src/list.o
 .debug_aranges
                0x00000708       0x88 ./freertos/src/port.o
 .debug_aranges
                0x00000790       0xf0 ./freertos/src/queue.o
 .debug_aranges
                0x00000880      0x158 ./freertos/src/tasks.o
 .debug_aranges
                0x000009d8       0x40 ./Drivers_info2/FW_GPIO.o

.debug_ranges   0x00000000      0x930
 .debug_ranges  0x00000000       0x80 ./src/Proyecto.o
 .debug_ranges  0x00000080       0x70 ./src/cr_startup_lpc175x_6x.o
 .debug_ranges  0x000000f0       0x28 ./lpc_chip_175x_6x/src/chip_17xx_40xx.o
 .debug_ranges  0x00000118      0x110 ./lpc_chip_175x_6x/src/clock_17xx_40xx.o
 .debug_ranges  0x00000228      0x150 ./lpc_board_nxp_lpcxpresso_1769/src/board.o
 .debug_ranges  0x00000378      0x270 ./gen/Parcial.o
 .debug_ranges  0x000005e8       0x30 ./freertos/src/FreeRTOSCommonHooks.o
 .debug_ranges  0x00000618       0x18 ./freertos/src/heap_3.o
 .debug_ranges  0x00000630       0x30 ./freertos/src/list.o
 .debug_ranges  0x00000660       0x78 ./freertos/src/port.o
 .debug_ranges  0x000006d8       0xe0 ./freertos/src/queue.o
 .debug_ranges  0x000007b8      0x148 ./freertos/src/tasks.o
 .debug_ranges  0x00000900       0x30 ./Drivers_info2/FW_GPIO.o

.debug_macro    0x00000000     0x651c
 .debug_macro   0x00000000      0x34e ./src/Proyecto.o
 .debug_macro   0x0000034e      0x886 ./src/Proyecto.o
 .debug_macro   0x00000bd4       0x82 ./src/Proyecto.o
 .debug_macro   0x00000c56       0x10 ./src/Proyecto.o
 .debug_macro   0x00000c66      0x12d ./src/Proyecto.o
 .debug_macro   0x00000d93      0x5b2 ./src/Proyecto.o
 .debug_macro   0x00001345       0x22 ./src/Proyecto.o
 .debug_macro   0x00001367       0x7b ./src/Proyecto.o
 .debug_macro   0x000013e2       0x10 ./src/Proyecto.o
 .debug_macro   0x000013f2       0x2d ./src/Proyecto.o
 .debug_macro   0x0000141f       0x3a ./src/Proyecto.o
 .debug_macro   0x00001459       0x2d ./src/Proyecto.o
 .debug_macro   0x00001486      0xbb1 ./src/Proyecto.o
 .debug_macro   0x00002037      0x22c ./src/Proyecto.o
 .debug_macro   0x00002263       0x42 ./src/Proyecto.o
 .debug_macro   0x000022a5       0x52 ./src/Proyecto.o
 .debug_macro   0x000022f7       0x78 ./src/Proyecto.o
 .debug_macro   0x0000236f       0x82 ./src/Proyecto.o
 .debug_macro   0x000023f1      0x48c ./src/Proyecto.o
 .debug_macro   0x0000287d       0x34 ./src/Proyecto.o
 .debug_macro   0x000028b1      0x4c5 ./src/Proyecto.o
 .debug_macro   0x00002d76      0x1b7 ./src/Proyecto.o
 .debug_macro   0x00002f2d       0x10 ./src/Proyecto.o
 .debug_macro   0x00002f3d      0x21b ./src/Proyecto.o
 .debug_macro   0x00003158      0x1b9 ./src/Proyecto.o
 .debug_macro   0x00003311       0x40 ./src/Proyecto.o
 .debug_macro   0x00003351       0x22 ./src/Proyecto.o
 .debug_macro   0x00003373      0x162 ./src/Proyecto.o
 .debug_macro   0x000034d5       0x94 ./src/Proyecto.o
 .debug_macro   0x00003569       0xb8 ./src/Proyecto.o
 .debug_macro   0x00003621       0x4c ./src/Proyecto.o
 .debug_macro   0x0000366d       0x16 ./src/Proyecto.o
 .debug_macro   0x00003683      0x328 ./src/Proyecto.o
 .debug_macro   0x000039ab       0x49 ./src/Proyecto.o
 .debug_macro   0x000039f4       0x16 ./src/Proyecto.o
 .debug_macro   0x00003a0a       0xca ./src/Proyecto.o
 .debug_macro   0x00003ad4       0x18 ./src/Proyecto.o
 .debug_macro   0x00003aec       0xa6 ./src/Proyecto.o
 .debug_macro   0x00003b92       0x9a ./src/Proyecto.o
 .debug_macro   0x00003c2c       0x20 ./src/Proyecto.o
 .debug_macro   0x00003c4c       0x28 ./src/Proyecto.o
 .debug_macro   0x00003c74       0x10 ./src/Proyecto.o
 .debug_macro   0x00003c84       0x46 ./src/Proyecto.o
 .debug_macro   0x00003cca       0xf4 ./src/Proyecto.o
 .debug_macro   0x00003dbe       0xab ./src/Proyecto.o
 .debug_macro   0x00003e69       0x12 ./src/Proyecto.o
 .debug_macro   0x00003e7b       0x1f ./src/Proyecto.o
 .debug_macro   0x00003e9a      0x257 ./src/Proyecto.o
 .debug_macro   0x000040f1       0x64 ./src/Proyecto.o
 .debug_macro   0x00004155       0x57 ./src/Proyecto.o
 .debug_macro   0x000041ac       0xb0 ./src/Proyecto.o
 .debug_macro   0x0000425c       0x77 ./src/Proyecto.o
 .debug_macro   0x000042d3      0x68c ./src/Proyecto.o
 .debug_macro   0x0000495f       0x5e ./src/Proyecto.o
 .debug_macro   0x000049bd       0x22 ./src/Proyecto.o
 .debug_macro   0x000049df       0x46 ./src/Proyecto.o
 .debug_macro   0x00004a25       0x1c ./src/Proyecto.o
 .debug_macro   0x00004a41       0x1d ./src/cr_startup_lpc175x_6x.o
 .debug_macro   0x00004a5e       0x1a ./src/crp.o
 .debug_macro   0x00004a78       0x34 ./src/crp.o
 .debug_macro   0x00004aac      0x1cd ./lpc_chip_175x_6x/src/chip_17xx_40xx.o
 .debug_macro   0x00004c79      0x1cd ./lpc_chip_175x_6x/src/clock_17xx_40xx.o
 .debug_macro   0x00004e46      0x2b9 ./lpc_board_nxp_lpcxpresso_1769/src/board.o
 .debug_macro   0x000050ff       0x12 ./lpc_board_nxp_lpcxpresso_1769/src/board.o
 .debug_macro   0x00005111       0x88 ./gen/Parcial.o
 .debug_macro   0x00005199       0x28 ./gen/Parcial.o
 .debug_macro   0x000051c1       0x1c ./gen/Parcial.o
 .debug_macro   0x000051dd       0x4c ./gen/Parcial.o
 .debug_macro   0x00005229      0x2a2 ./freertos/src/FreeRTOSCommonHooks.o
 .debug_macro   0x000054cb       0x16 ./freertos/src/FreeRTOSCommonHooks.o
 .debug_macro   0x000054e1       0x11 ./freertos/src/FreeRTOSCommonHooks.o
 .debug_macro   0x000054f2       0xee ./freertos/src/FreeRTOSCommonHooks.o
 .debug_macro   0x000055e0      0x2b2 ./freertos/src/heap_3.o
 .debug_macro   0x00005892      0x297 ./freertos/src/list.o
 .debug_macro   0x00005b29      0x329 ./freertos/src/port.o
 .debug_macro   0x00005e52      0x2fa ./freertos/src/queue.o
 .debug_macro   0x0000614c      0x336 ./freertos/src/tasks.o
 .debug_macro   0x00006482       0x5b ./freertos/src/tasks.o
 .debug_macro   0x000064dd       0x16 ./freertos/src/tasks.o
 .debug_macro   0x000064f3       0x29 ./Drivers_info2/FW_GPIO.o

.debug_line     0x00000000     0x55d1
 .debug_line    0x00000000      0x893 ./src/Proyecto.o
 .debug_line    0x00000893       0xd4 ./src/cr_startup_lpc175x_6x.o
 .debug_line    0x00000967       0x78 ./src/crp.o
 .debug_line    0x000009df      0x473 ./lpc_chip_175x_6x/src/chip_17xx_40xx.o
 .debug_line    0x00000e52      0x6ef ./lpc_chip_175x_6x/src/clock_17xx_40xx.o
 .debug_line    0x00001541      0x89b ./lpc_board_nxp_lpcxpresso_1769/src/board.o
 .debug_line    0x00001ddc      0x82e ./gen/Parcial.o
 .debug_line    0x0000260a      0x63d ./freertos/src/FreeRTOSCommonHooks.o
 .debug_line    0x00002c47      0x5e2 ./freertos/src/heap_3.o
 .debug_line    0x00003229      0x62e ./freertos/src/list.o
 .debug_line    0x00003857      0x6d0 ./freertos/src/port.o
 .debug_line    0x00003f27      0x938 ./freertos/src/queue.o
 .debug_line    0x0000485f      0xc93 ./freertos/src/tasks.o
 .debug_line    0x000054f2       0xdf ./Drivers_info2/FW_GPIO.o

.debug_str      0x00000000    0x1a4c4
 .debug_str     0x00000000    0x15e99 ./src/Proyecto.o
                              0x15f91 (size before relaxing)
 .debug_str     0x00015e99      0x197 ./src/cr_startup_lpc175x_6x.o
                               0x269d (size before relaxing)
 .debug_str     0x00016030       0xe9 ./src/crp.o
                               0x25b5 (size before relaxing)
 .debug_str     0x00016119      0x45b ./lpc_chip_175x_6x/src/chip_17xx_40xx.o
                              0x10b6d (size before relaxing)
 .debug_str     0x00016574      0x868 ./lpc_chip_175x_6x/src/clock_17xx_40xx.o
                              0x111db (size before relaxing)
 .debug_str     0x00016ddc      0xaab ./lpc_board_nxp_lpcxpresso_1769/src/board.o
                              0x11a82 (size before relaxing)
 .debug_str     0x00017887      0x827 ./gen/Parcial.o
                               0x4926 (size before relaxing)
 .debug_str     0x000180ae       0xe0 ./freertos/src/FreeRTOSCommonHooks.o
                              0x12ce0 (size before relaxing)
 .debug_str     0x0001818e       0x95 ./freertos/src/heap_3.o
                              0x12cd5 (size before relaxing)
 .debug_str     0x00018223      0x12e ./freertos/src/list.o
                              0x12a1a (size before relaxing)
 .debug_str     0x00018351      0x637 ./freertos/src/port.o
                              0x13404 (size before relaxing)
 .debug_str     0x00018988      0x6a0 ./freertos/src/queue.o
                              0x14022 (size before relaxing)
 .debug_str     0x00019028     0x1452 ./freertos/src/tasks.o
                              0x1441b (size before relaxing)
 .debug_str     0x0001a47a       0x4a ./Drivers_info2/FW_GPIO.o
                               0x3a89 (size before relaxing)

.comment        0x00000000       0xdc
 .comment       0x00000000       0x6e ./src/Proyecto.o
                                 0x6f (size before relaxing)
 .comment       0x0000006e       0x6f ./src/cr_startup_lpc175x_6x.o
 .comment       0x0000006e       0x6f ./src/crp.o
 .comment       0x0000006e       0x6f ./lpc_chip_175x_6x/src/chip_17xx_40xx.o
 .comment       0x0000006e       0x6f ./lpc_chip_175x_6x/src/clock_17xx_40xx.o
 .comment       0x0000006e       0x6f ./lpc_board_nxp_lpcxpresso_1769/src/board.o
 .comment       0x0000006e       0x6f ./gen/Parcial.o
 .comment       0x0000006e       0x6f ./freertos/src/FreeRTOSCommonHooks.o
 .comment       0x0000006e       0x6f ./freertos/src/heap_3.o
 .comment       0x0000006e       0x6f ./freertos/src/list.o
 .comment       0x0000006e       0x6f ./freertos/src/port.o
 .comment       0x0000006e       0x6f ./freertos/src/queue.o
 .comment       0x0000006e       0x6f ./freertos/src/tasks.o
 .comment       0x0000006e       0x6f ./Drivers_info2/FW_GPIO.o
 .comment       0x0000006e       0x6e c:/nxp/lpcxpresso_8.2.2_650/lpcxpresso/tools/bin/../lib/gcc/arm-none-eabi/5.4.1/../../../../arm-none-eabi/lib/armv7-m\libcr_c.a(memcpy.o)
                                 0x6f (size before relaxing)
 .comment       0x000000dc       0x6f c:/nxp/lpcxpresso_8.2.2_650/lpcxpresso/tools/bin/../lib/gcc/arm-none-eabi/5.4.1/../../../../arm-none-eabi/lib/armv7-m\libcr_c.a(memset.o)
 .comment       0x000000dc       0x6f c:/nxp/lpcxpresso_8.2.2_650/lpcxpresso/tools/bin/../lib/gcc/arm-none-eabi/5.4.1/../../../../arm-none-eabi/lib/armv7-m\libcr_c.a(__weak__main.o)
 .comment       0x000000dc       0x6f c:/nxp/lpcxpresso_8.2.2_650/lpcxpresso/tools/bin/../lib/gcc/arm-none-eabi/5.4.1/../../../../arm-none-eabi/lib/armv7-m\libcr_c.a(alloc.o)
 .comment       0x000000dc       0x6f c:/nxp/lpcxpresso_8.2.2_650/lpcxpresso/tools/bin/../lib/gcc/arm-none-eabi/5.4.1/../../../../arm-none-eabi/lib/armv7-m\libcr_c.a(__init_alloc.o)
 .comment       0x000000dc       0x6f c:/nxp/lpcxpresso_8.2.2_650/lpcxpresso/tools/bin/../lib/gcc/arm-none-eabi/5.4.1/../../../../arm-none-eabi/lib/armv7-m\libcr_c.a(_cr_sbrk.o)
 .comment       0x000000dc       0x6f c:/nxp/lpcxpresso_8.2.2_650/lpcxpresso/tools/bin/../lib/gcc/arm-none-eabi/5.4.1/../../../../arm-none-eabi/lib/armv7-m\libcr_c.a(errno.o)
 .comment       0x000000dc       0x6f c:/nxp/lpcxpresso_8.2.2_650/lpcxpresso/tools/bin/../lib/gcc/arm-none-eabi/5.4.1/../../../../arm-none-eabi/lib/armv7-m\libcr_c.a(_cr_check_heap.o)

.ARM.attributes
                0x00000000       0x31
 .ARM.attributes
                0x00000000       0x33 ./src/Proyecto.o
 .ARM.attributes
                0x00000033       0x33 ./src/cr_startup_lpc175x_6x.o
 .ARM.attributes
                0x00000066       0x33 ./src/crp.o
 .ARM.attributes
                0x00000099       0x33 ./lpc_chip_175x_6x/src/chip_17xx_40xx.o
 .ARM.attributes
                0x000000cc       0x33 ./lpc_chip_175x_6x/src/clock_17xx_40xx.o
 .ARM.attributes
                0x000000ff       0x33 ./lpc_board_nxp_lpcxpresso_1769/src/board.o
 .ARM.attributes
                0x00000132       0x33 ./gen/Parcial.o
 .ARM.attributes
                0x00000165       0x33 ./freertos/src/FreeRTOSCommonHooks.o
 .ARM.attributes
                0x00000198       0x33 ./freertos/src/heap_3.o
 .ARM.attributes
                0x000001cb       0x33 ./freertos/src/list.o
 .ARM.attributes
                0x000001fe       0x33 ./freertos/src/port.o
 .ARM.attributes
                0x00000231       0x33 ./freertos/src/queue.o
 .ARM.attributes
                0x00000264       0x33 ./freertos/src/tasks.o
 .ARM.attributes
                0x00000297       0x33 ./Drivers_info2/FW_GPIO.o
 .ARM.attributes
                0x000002ca       0x33 c:/nxp/lpcxpresso_8.2.2_650/lpcxpresso/tools/bin/../lib/gcc/arm-none-eabi/5.4.1/../../../../arm-none-eabi/lib/armv7-m\libcr_c.a(memcpy.o)
 .ARM.attributes
                0x000002fd       0x33 c:/nxp/lpcxpresso_8.2.2_650/lpcxpresso/tools/bin/../lib/gcc/arm-none-eabi/5.4.1/../../../../arm-none-eabi/lib/armv7-m\libcr_c.a(memset.o)
 .ARM.attributes
                0x00000330       0x33 c:/nxp/lpcxpresso_8.2.2_650/lpcxpresso/tools/bin/../lib/gcc/arm-none-eabi/5.4.1/../../../../arm-none-eabi/lib/armv7-m\libcr_c.a(__weak__main.o)
 .ARM.attributes
                0x00000363       0x33 c:/nxp/lpcxpresso_8.2.2_650/lpcxpresso/tools/bin/../lib/gcc/arm-none-eabi/5.4.1/../../../../arm-none-eabi/lib/armv7-m\libcr_c.a(alloc.o)
 .ARM.attributes
                0x00000396       0x33 c:/nxp/lpcxpresso_8.2.2_650/lpcxpresso/tools/bin/../lib/gcc/arm-none-eabi/5.4.1/../../../../arm-none-eabi/lib/armv7-m\libcr_c.a(__init_alloc.o)
 .ARM.attributes
                0x000003c9       0x33 c:/nxp/lpcxpresso_8.2.2_650/lpcxpresso/tools/bin/../lib/gcc/arm-none-eabi/5.4.1/../../../../arm-none-eabi/lib/armv7-m\libcr_c.a(_cr_sbrk.o)
 .ARM.attributes
                0x000003fc       0x33 c:/nxp/lpcxpresso_8.2.2_650/lpcxpresso/tools/bin/../lib/gcc/arm-none-eabi/5.4.1/../../../../arm-none-eabi/lib/armv7-m\libcr_c.a(errno.o)
 .ARM.attributes
                0x0000042f       0x33 c:/nxp/lpcxpresso_8.2.2_650/lpcxpresso/tools/bin/../lib/gcc/arm-none-eabi/5.4.1/../../../../arm-none-eabi/lib/armv7-m\libcr_c.a(_cr_check_heap.o)
 .ARM.attributes
                0x00000462       0x21 c:/nxp/lpcxpresso_8.2.2_650/lpcxpresso/tools/bin/../lib/gcc/arm-none-eabi/5.4.1/armv7-m\libcr_eabihelpers.a(memcpy.o)

.debug_frame    0x00000000     0x27d8
 .debug_frame   0x00000000      0x1fc ./src/Proyecto.o
 .debug_frame   0x000001fc      0x170 ./src/cr_startup_lpc175x_6x.o
 .debug_frame   0x0000036c       0x88 ./lpc_chip_175x_6x/src/chip_17xx_40xx.o
 .debug_frame   0x000003f4      0x490 ./lpc_chip_175x_6x/src/clock_17xx_40xx.o
 .debug_frame   0x00000884      0x5d4 ./lpc_board_nxp_lpcxpresso_1769/src/board.o
 .debug_frame   0x00000e58      0xb94 ./gen/Parcial.o
 .debug_frame   0x000019ec       0xb0 ./freertos/src/FreeRTOSCommonHooks.o
 .debug_frame   0x00001a9c       0x58 ./freertos/src/heap_3.o
 .debug_frame   0x00001af4       0xd8 ./freertos/src/list.o
 .debug_frame   0x00001bcc      0x174 ./freertos/src/port.o
 .debug_frame   0x00001d40      0x404 ./freertos/src/queue.o
 .debug_frame   0x00002144      0x5bc ./freertos/src/tasks.o
 .debug_frame   0x00002700       0xd8 ./Drivers_info2/FW_GPIO.o
